
===========================================================================
 report_power
============================================================================
======================= max_ss_100C_1v60 Corner ===================================

Group                    Internal    Switching      Leakage        Total
                            Power        Power        Power        Power (Watts)
------------------------------------------------------------------------
Sequential           6.229902e-12 1.822730e-11 6.858002e-06 6.858026e-06  49.5%
Combinational        3.477290e-12 1.528627e-11 6.988611e-06 6.988630e-06  50.4%
Clock                -2.967682e-16 0.000000e+00 1.696683e-08 1.696683e-08   0.1%
Macro                0.000000e+00 0.000000e+00 0.000000e+00 0.000000e+00   0.0%
Pad                  0.000000e+00 0.000000e+00 0.000000e+00 0.000000e+00   0.0%
------------------------------------------------------------------------
Total                9.706900e-12 3.351357e-11 1.386358e-05 1.386362e-05 100.0%
                             0.0%         0.0%       100.0%

