┏━━━━━━━┳━━━━━━━━━┳━━━━━━━━━━┳━━━━━━━━━━━━━━━━━━━━━━━━━━━━━━━━━━━━━━━┳━━━━━━━━━━━━━━━━━━━━━━━━━━━━━━━━━━━━━━━━━━━━━━━━━━━━━━┳━━━━━━━┓
┃ P / R ┃ Partial ┃ Required ┃ Net                                   ┃ Pin                                                  ┃ Layer ┃
┡━━━━━━━╇━━━━━━━━━╇━━━━━━━━━━╇━━━━━━━━━━━━━━━━━━━━━━━━━━━━━━━━━━━━━━━╇━━━━━━━━━━━━━━━━━━━━━━━━━━━━━━━━━━━━━━━━━━━━━━━━━━━━━━╇━━━━━━━┩
│ 5.49  │ 2194.73 │ 400.00   │ net263                                │ _0825_/A1                                            │ met2  │
│ 4.98  │ 1990.67 │ 400.00   │ net164                                │ _0642_/B                                             │ met1  │
│ 4.61  │ 1844.83 │ 400.00   │ eFPGA_top_i.LocalWriteData[15\]       │ _1058_/A1                                            │ met2  │
│ 3.23  │ 1291.85 │ 400.00   │ eFPGA_top_i.FrameData[218\]           │ _1036_/A0                                            │ met2  │
│ 3.15  │ 1259.89 │ 400.00   │ eFPGA_top_i.FrameData[268\]           │ _0955_/A0                                            │ met2  │
│ 3.14  │ 1257.12 │ 400.00   │ net246                                │ _0771_/A1                                            │ met2  │
│ 3.14  │ 1257.12 │ 400.00   │ net246                                │ _0874_/A0                                            │ met2  │
│ 3.14  │ 1257.12 │ 400.00   │ net246                                │ _0908_/A1                                            │ met2  │
│ 3.14  │ 1257.12 │ 400.00   │ net246                                │ _0941_/A1                                            │ met2  │
│ 3.14  │ 1257.12 │ 400.00   │ net246                                │ _0974_/A1                                            │ met2  │
│ 3.14  │ 1257.12 │ 400.00   │ net246                                │ _1008_/A0                                            │ met2  │
│ 3.14  │ 1257.12 │ 400.00   │ net246                                │ _1041_/A1                                            │ met2  │
│ 3.02  │ 1207.56 │ 400.00   │ eFPGA_top_i.FrameAddressRegister[13\] │ _0688_/A                                             │ met1  │
│ 2.97  │ 1186.63 │ 400.00   │ eFPGA_top_i.FrameData[206\]           │ _1024_/A0                                            │ met2  │
│ 2.94  │ 1177.56 │ 400.00   │ eFPGA_top_i.FrameData[46\]            │ _1189_/A0                                            │ met2  │
│ 2.78  │ 1110.44 │ 400.00   │ eFPGA_top_i.FrameAddressRegister[17\] │ _0541_/A                                             │ met1  │
│ 2.51  │ 1003.63 │ 400.00   │ eFPGA_top_i.FrameData[359\]           │ _0850_/A1                                            │ met2  │
│ 2.21  │ 882.68  │ 400.00   │ eFPGA_top_i.FrameData[445\]           │ _0804_/A0                                            │ met2  │
│ 2.13  │ 853.47  │ 400.00   │ net166                                │ _0630_/B                                             │ met1  │
│ 2.12  │ 848.37  │ 400.00   │ net289                                │ eFPGA_top_i.eFPGA_Config_inst/SelfWriteData[18]      │ met3  │
│ 2.08  │ 833.37  │ 400.00   │ eFPGA_top_i.FrameData[328\]           │ _0748_/A0                                            │ met2  │
│ 2.03  │ 810.11  │ 400.00   │ net266                                │ _0788_/A1                                            │ met2  │
│ 2.03  │ 810.11  │ 400.00   │ net266                                │ _0856_/A0                                            │ met2  │
│ 1.99  │ 794.06  │ 400.00   │ eFPGA_top_i.FrameData[160\]           │ _1043_/A0                                            │ met2  │
│ 1.98  │ 793.97  │ 400.00   │ net162                                │ _0669_/B                                             │ met1  │
│ 1.97  │ 789.00  │ 400.00   │ eFPGA_top_i.FrameData[123\]           │ _1136_/A1                                            │ met2  │
│ 1.97  │ 786.41  │ 400.00   │ eFPGA_top_i.FrameData[268\]           │ eFPGA_top_i.eFPGA_inst.Tile_X0Y8_W_IO/FrameData[12]  │ met3  │
│ 1.94  │ 775.94  │ 400.00   │ eFPGA_top_i.LocalWriteData[4\]        │ _1080_/A1                                            │ met2  │
│ 1.90  │ 760.65  │ 400.00   │ net258                                │ _0760_/A1                                            │ met2  │
│ 1.90  │ 760.65  │ 400.00   │ net258                                │ _0863_/A0                                            │ met2  │
│ 1.90  │ 760.65  │ 400.00   │ net258                                │ _0930_/A1                                            │ met2  │
│ 1.90  │ 760.65  │ 400.00   │ net258                                │ _0963_/A1                                            │ met2  │
│ 1.81  │ 5353.78 │ 2956.40  │ _0211_                                │ _1418_/D                                             │ met4  │
│ 1.81  │ 722.86  │ 400.00   │ eFPGA_top_i.FrameData[351\]           │ _0771_/A0                                            │ met2  │
│ 1.80  │ 719.86  │ 400.00   │ eFPGA_top_i.FrameData[392\]           │ _0817_/A0                                            │ met2  │
│ 1.76  │ 5215.62 │ 2956.40  │ _0403_                                │ _1610_/D                                             │ met4  │
│ 1.75  │ 5172.44 │ 2956.40  │ _0123_                                │ _1330_/D                                             │ met4  │
│ 1.67  │ 4930.67 │ 2956.40  │ _0407_                                │ _1614_/D                                             │ met4  │
│ 1.66  │ 665.64  │ 400.00   │ eFPGA_top_i.FrameData[107\]           │ _1120_/A1                                            │ met2  │
│ 1.63  │ 651.21  │ 400.00   │ net268                                │ _0751_/A1                                            │ met2  │
│ 1.63  │ 651.21  │ 400.00   │ net268                                │ _0820_/A1                                            │ met2  │
│ 1.63  │ 651.21  │ 400.00   │ net268                                │ _0854_/A0                                            │ met2  │
│ 1.63  │ 651.21  │ 400.00   │ net268                                │ _0921_/A1                                            │ met2  │
│ 1.55  │ 4317.59 │ 2778.20  │ _0165_                                │ _1372_/D                                             │ met4  │
│ 1.49  │ 595.00  │ 400.00   │ eFPGA_top_i.FrameData[256\]           │ _0943_/A0                                            │ met2  │
│ 1.47  │ 586.18  │ 400.00   │ net271                                │ eFPGA_top_i.eFPGA_Config_inst/SelfWriteData[0]       │ met3  │
│ 1.46  │ 4067.17 │ 2778.20  │ _0117_                                │ _1324_/D                                             │ met4  │
│ 1.46  │ 4067.17 │ 2778.20  │ _0356_                                │ _1563_/D                                             │ met4  │
│ 1.42  │ 567.97  │ 400.00   │ eFPGA_top_i.FrameData[255\]           │ _1008_/A1                                            │ met2  │
│ 1.40  │ 4153.52 │ 2956.40  │ _0336_                                │ _1543_/D                                             │ met4  │
│ 1.39  │ 556.37  │ 400.00   │ eFPGA_top_i.FrameData[271\]           │ _0958_/A0                                            │ met2  │
│ 1.38  │ 550.78  │ 400.00   │ net164                                │ _0640_/B                                             │ met1  │
│ 1.33  │ 3695.87 │ 2778.20  │ _0306_                                │ _1513_/D                                             │ met4  │
│ 1.31  │ 524.93  │ 400.00   │ eFPGA_top_i.FrameData[282\]           │ _0969_/A0                                            │ met2  │
│ 1.30  │ 522.00  │ 400.00   │ net163                                │ _0650_/B                                             │ met1  │
│ 1.28  │ 513.26  │ 400.00   │ eFPGA_top_i.FrameData[339\]           │ _0759_/A0                                            │ met4  │
│ 1.28  │ 513.26  │ 400.00   │ eFPGA_top_i.FrameData[339\]           │ eFPGA_top_i.eFPGA_inst.Tile_X0Y10_W_IO/FrameData[19] │ met4  │
│ 1.27  │ 3523.17 │ 2778.20  │ _0323_                                │ _1530_/D                                             │ met4  │
│ 1.18  │ 473.50  │ 400.00   │ net246                                │ _1173_/A1                                            │ met2  │
│ 1.16  │ 464.56  │ 400.00   │ net153                                │ _0722_/B                                             │ met1  │
│ 1.14  │ 456.53  │ 400.00   │ eFPGA_top_i.FrameData[213\]           │ _1031_/A0                                            │ met2  │
│ 1.14  │ 455.81  │ 400.00   │ _0306_                                │ _1513_/D                                             │ met3  │
│ 1.14  │ 455.67  │ 400.00   │ net263                                │ _0791_/A1                                            │ met2  │
│ 1.11  │ 445.60  │ 400.00   │ eFPGA_top_i.FrameData[132\]           │ _1080_/A0                                            │ met2  │
│ 1.11  │ 3082.79 │ 2778.20  │ _0438_                                │ _1645_/D                                             │ met4  │
│ 1.09  │ 434.53  │ 400.00   │ net159                                │ _0676_/B                                             │ met1  │
│ 1.08  │ 431.42  │ 400.00   │ eFPGA_top_i.FrameData[441\]           │ _0800_/A0                                            │ met2  │
│ 1.08  │ 430.79  │ 400.00   │ eFPGA_top_i.LocalWriteData[4\]        │ _1080_/A1                                            │ met3  │
│ 1.07  │ 3177.78 │ 2956.40  │ _0348_                                │ _1555_/D                                             │ met4  │
│ 1.06  │ 424.06  │ 400.00   │ eFPGA_top_i.FrameAddressRegister[15\] │ _0690_/A                                             │ met1  │
│ 1.00  │ 400.64  │ 400.00   │ eFPGA_top_i.FrameData[85\]            │ _0898_/A0                                            │ met2  │
│ 1.00  │ 400.42  │ 400.00   │ eFPGA_top_i.FrameData[468\]           │ _1162_/A0                                            │ met1  │
└───────┴─────────┴──────────┴───────────────────────────────────────┴──────────────────────────────────────────────────────┴───────┘
