
===========================================================================
 report_power
============================================================================
======================= nom_tt_025C_1v80 Corner ===================================

Group                    Internal    Switching      Leakage        Total
                            Power        Power        Power        Power (Watts)
------------------------------------------------------------------------
Sequential           1.359592e-04 0.000000e+00 1.133387e-09 1.359603e-04  49.8%
Combinational        2.407962e-06 7.373650e-06 2.566231e-09 9.784178e-06   3.6%
Clock                7.437513e-05 5.298052e-05 8.426470e-09 1.273641e-04  46.6%
Macro                0.000000e+00 0.000000e+00 0.000000e+00 0.000000e+00   0.0%
Pad                  0.000000e+00 0.000000e+00 0.000000e+00 0.000000e+00   0.0%
------------------------------------------------------------------------
Total                2.127422e-04 6.035417e-05 1.212615e-08 2.731085e-04 100.0%
                            77.9%        22.1%         0.0%

