
===========================================================================
 report_power
============================================================================
======================= nom_tt_025C_1v80 Corner ===================================

Group                    Internal    Switching      Leakage        Total
                            Power        Power        Power        Power (Watts)
------------------------------------------------------------------------
Sequential           8.050408e-12 1.131538e-11 3.794190e-09 3.813556e-09  16.1%
Combinational        2.864358e-12 6.410658e-12 3.095830e-09 3.105105e-09  13.1%
Clock                0.000000e+00 0.000000e+00 1.677061e-08 1.677061e-08  70.8%
Macro                0.000000e+00 0.000000e+00 0.000000e+00 0.000000e+00   0.0%
Pad                  0.000000e+00 0.000000e+00 0.000000e+00 0.000000e+00   0.0%
------------------------------------------------------------------------
Total                1.091476e-11 1.772604e-11 2.366067e-08 2.368931e-08 100.0%
                             0.0%         0.1%        99.9%
Writing metric power__internal__total: 1.0914760414926228e-11
Writing metric power__switching__total: 1.772603591687627e-11
Writing metric power__leakage__total: 2.3660669867808792e-8
Writing metric power__total: 2.3689310069130443e-8

