┏━━━━━━━┳━━━━━━━━━━┳━━━━━━━━━━┳━━━━━━━━━━━━━━━━━━━━━━━━━━━━━━━━━━━━━━━━━━━━━━━━━━━━┳━━━━━━━━━━━━━━━━━━━━━━━━━━━━━━━━━━━━━━━━━━━━━━━━━━━━━━━━┳━━━━━━━┓
┃ P / R ┃ Partial  ┃ Required ┃ Net                                                ┃ Pin                                                    ┃ Layer ┃
┡━━━━━━━╇━━━━━━━━━━╇━━━━━━━━━━╇━━━━━━━━━━━━━━━━━━━━━━━━━━━━━━━━━━━━━━━━━━━━━━━━━━━━╇━━━━━━━━━━━━━━━━━━━━━━━━━━━━━━━━━━━━━━━━━━━━━━━━━━━━━━━━╇━━━━━━━┩
│ 28.71 │ 11483.97 │ 400.00   │ eFPGA_top_i.eFPGA_inst.Tile_X4Y2_N4BEG[10\]        │ eFPGA_top_i.eFPGA_inst.Tile_X4Y1_LUT4AB/N4END[10]      │ met3  │
│ 17.40 │ 6960.90  │ 400.00   │ eFPGA_top_i.eFPGA_inst.Tile_X8Y2_E1BEG[2\]         │ eFPGA_top_i.eFPGA_inst.Tile_X9Y2_RAM_IO/E1END[2]       │ met4  │
│ 15.14 │ 6055.86  │ 400.00   │ eFPGA_top_i.eFPGA_inst.Tile_X4Y1_S4BEG[3\]         │ eFPGA_top_i.eFPGA_inst.Tile_X4Y2_LUT4AB/S4END[3]       │ met2  │
│ 12.89 │ 5157.62  │ 400.00   │ eFPGA_top_i.eFPGA_inst.Tile_X2Y2_N4BEG[10\]        │ eFPGA_top_i.eFPGA_inst.Tile_X2Y1_LUT4AB/N4END[10]      │ met3  │
│ 12.78 │ 5110.49  │ 400.00   │ eFPGA_top_i.eFPGA_inst.Tile_X1Y1_S4BEG[3\]         │ eFPGA_top_i.eFPGA_inst.Tile_X1Y2_LUT4AB/S4END[3]       │ met3  │
│ 10.31 │ 4124.56  │ 400.00   │ eFPGA_top_i.eFPGA_inst.Tile_X1Y1_S2BEG[7\]         │ eFPGA_top_i.eFPGA_inst.Tile_X1Y2_LUT4AB/S2MID[7]       │ met2  │
│ 8.76  │ 3504.45  │ 400.00   │ eFPGA_top_i.eFPGA_inst.Tile_X8Y5_E1BEG[2\]         │ eFPGA_top_i.eFPGA_inst.Tile_X9Y5_RAM_IO/E1END[2]       │ met3  │
│ 8.03  │ 3211.15  │ 400.00   │ eFPGA_top_i.LocalWriteData[16\]                    │ _1059_/A1                                              │ met3  │
│ 8.03  │ 3211.15  │ 400.00   │ eFPGA_top_i.LocalWriteData[16\]                    │ fanout263/A                                            │ met3  │
│ 7.77  │ 3107.41  │ 400.00   │ eFPGA_top_i.eFPGA_inst.Tile_X0Y4_B_I_top           │ _1738_/A                                               │ met2  │
│ 7.61  │ 3044.33  │ 400.00   │ eFPGA_top_i.eFPGA_inst.Tile_X4Y1_S2BEG[1\]         │ eFPGA_top_i.eFPGA_inst.Tile_X4Y2_LUT4AB/S2MID[1]       │ met2  │
│ 7.58  │ 3033.92  │ 400.00   │ net256                                             │ _0899_/A1                                              │ met2  │
│ 7.58  │ 3033.92  │ 400.00   │ net256                                             │ _1032_/A1                                              │ met2  │
│ 7.25  │ 2899.75  │ 400.00   │ net245                                             │ _0880_/A1                                              │ met2  │
│ 7.25  │ 2899.75  │ 400.00   │ net245                                             │ _1013_/A1                                              │ met2  │
│ 7.23  │ 2892.28  │ 400.00   │ eFPGA_top_i.eFPGA_inst.Tile_X4Y1_S2BEG[6\]         │ eFPGA_top_i.eFPGA_inst.Tile_X4Y2_LUT4AB/S2MID[6]       │ met3  │
│ 7.18  │ 2870.96  │ 400.00   │ eFPGA_top_i.eFPGA_inst.Tile_X7Y1_S4BEG[4\]         │ eFPGA_top_i.eFPGA_inst.Tile_X7Y2_LUT4AB/S4END[4]       │ met3  │
│ 7.01  │ 2802.97  │ 400.00   │ net240                                             │ _0885_/A1                                              │ met2  │
│ 7.01  │ 2802.97  │ 400.00   │ net240                                             │ _1018_/A1                                              │ met2  │
│ 6.98  │ 2793.99  │ 400.00   │ eFPGA_top_i.eFPGA_inst.Tile_X8Y10_E1BEG[0\]        │ eFPGA_top_i.eFPGA_inst.Tile_X9Y10_RAM_IO/E1END[0]      │ met3  │
│ 6.69  │ 2675.14  │ 400.00   │ eFPGA_top_i.FrameAddressRegister[2\]               │ _0698_/A                                               │ met1  │
│ 6.68  │ 2670.59  │ 400.00   │ eFPGA_top_i.eFPGA_inst.Tile_X8Y7_E1BEG[1\]         │ eFPGA_top_i.eFPGA_inst.Tile_X9Y7_RAM_IO/E1END[1]       │ met3  │
│ 6.24  │ 2497.53  │ 400.00   │ eFPGA_top_i.FrameAddressRegister[17\]              │ _0586_/A                                               │ met1  │
│ 6.24  │ 2495.78  │ 400.00   │ eFPGA_top_i.LocalWriteData[12\]                    │ _1055_/A1                                              │ met4  │
│ 6.24  │ 2495.78  │ 400.00   │ eFPGA_top_i.LocalWriteData[12\]                    │ _1088_/A1                                              │ met4  │
│ 6.24  │ 2495.78  │ 400.00   │ eFPGA_top_i.LocalWriteData[12\]                    │ _1121_/A0                                              │ met4  │
│ 6.24  │ 2495.78  │ 400.00   │ eFPGA_top_i.LocalWriteData[12\]                    │ _1187_/A1                                              │ met4  │
│ 6.24  │ 2495.78  │ 400.00   │ eFPGA_top_i.LocalWriteData[12\]                    │ fanout267/A                                            │ met4  │
│ 6.17  │ 2468.13  │ 400.00   │ eFPGA_top_i.eFPGA_inst.Tile_X8Y10_E1BEG[3\]        │ eFPGA_top_i.eFPGA_inst.Tile_X9Y10_RAM_IO/E1END[3]      │ met3  │
│ 6.10  │ 2441.24  │ 400.00   │ eFPGA_top_i.eFPGA_inst.Tile_X9Y9_W2BEGb[5\]        │ eFPGA_top_i.eFPGA_inst.Tile_X8Y9_LUT4AB/W2END[5]       │ met4  │
│ 5.80  │ 2321.54  │ 400.00   │ eFPGA_top_i.FrameAddressRegister[17\]              │ _0734_/A                                               │ met1  │
│ 5.74  │ 16741.41 │ 2918.08  │ eFPGA_top_i.eFPGA_inst.Tile_X8Y10_E1BEG[0\]        │ eFPGA_top_i.eFPGA_inst.Tile_X9Y10_RAM_IO/E1END[0]      │ met4  │
│ 5.61  │ 2243.58  │ 400.00   │ eFPGA_top_i.eFPGA_inst.Tile_X2Y1_S1BEG[0\]         │ eFPGA_top_i.eFPGA_inst.Tile_X2Y2_LUT4AB/S1END[0]       │ met2  │
│ 5.57  │ 2227.52  │ 400.00   │ eFPGA_top_i.LocalWriteData[5\]                     │ _1048_/A1                                              │ met4  │
│ 5.57  │ 2227.52  │ 400.00   │ eFPGA_top_i.LocalWriteData[5\]                     │ _1081_/A1                                              │ met4  │
│ 5.57  │ 2227.52  │ 400.00   │ eFPGA_top_i.LocalWriteData[5\]                     │ _1114_/A0                                              │ met4  │
│ 5.57  │ 2227.52  │ 400.00   │ eFPGA_top_i.LocalWriteData[5\]                     │ _1180_/A1                                              │ met4  │
│ 5.57  │ 2227.52  │ 400.00   │ eFPGA_top_i.LocalWriteData[5\]                     │ fanout243/A                                            │ met4  │
│ 5.39  │ 2156.64  │ 400.00   │ eFPGA_top_i.FrameAddressRegister[3\]               │ _0699_/A                                               │ met1  │
│ 5.16  │ 2064.81  │ 400.00   │ net243                                             │ _0882_/A1                                              │ met2  │
│ 5.16  │ 2064.81  │ 400.00   │ net243                                             │ _0982_/A0                                              │ met2  │
│ 5.16  │ 2064.81  │ 400.00   │ net243                                             │ _1015_/A1                                              │ met2  │
│ 5.16  │ 2064.24  │ 400.00   │ net264                                             │ _0892_/A1                                              │ met2  │
│ 5.16  │ 2064.24  │ 400.00   │ net264                                             │ _0992_/A0                                              │ met2  │
│ 5.16  │ 2064.24  │ 400.00   │ net264                                             │ _1025_/A1                                              │ met2  │
│ 5.12  │ 2047.50  │ 400.00   │ eFPGA_top_i.eFPGA_inst.Tile_X0Y12_A_T_top          │ _1695_/A                                               │ met2  │
│ 5.05  │ 2019.47  │ 400.00   │ net268                                             │ _0888_/A1                                              │ met2  │
│ 5.05  │ 2019.47  │ 400.00   │ net268                                             │ _1021_/A1                                              │ met2  │
│ 4.76  │ 1904.47  │ 400.00   │ net270                                             │ _0877_/A1                                              │ met2  │
│ 4.76  │ 1904.47  │ 400.00   │ net270                                             │ _1010_/A1                                              │ met2  │
│ 4.70  │ 1881.81  │ 400.00   │ eFPGA_top_i.eFPGA_inst.Tile_X1Y1_S2BEG[7\]         │ eFPGA_top_i.eFPGA_inst.Tile_X1Y2_LUT4AB/S2MID[7]       │ met3  │
│ 4.65  │ 1861.47  │ 400.00   │ eFPGA_top_i.FrameAddressRegister[13\]              │ _0688_/A                                               │ met1  │
│ 4.49  │ 1794.69  │ 400.00   │ eFPGA_top_i.FrameAddressRegister[9\]               │ _0578_/A                                               │ met1  │
│ 4.49  │ 1794.69  │ 400.00   │ eFPGA_top_i.FrameAddressRegister[9\]               │ _0620_/A                                               │ met1  │
│ 4.48  │ 1791.77  │ 400.00   │ eFPGA_top_i.eFPGA_inst.Tile_X8Y11_E1BEG[2\]        │ eFPGA_top_i.eFPGA_inst.Tile_X9Y11_RAM_IO/E1END[2]      │ met3  │
│ 4.44  │ 1776.81  │ 400.00   │ eFPGA_top_i.FrameAddressRegister[12\]              │ _0581_/A                                               │ met1  │
│ 4.43  │ 1772.49  │ 400.00   │ eFPGA_top_i.FrameAddressRegister[3\]               │ _0527_/A                                               │ met1  │
│ 4.43  │ 1770.57  │ 400.00   │ eFPGA_top_i.LocalWriteData[23\]                    │ _1099_/A1                                              │ met2  │
│ 4.43  │ 1770.57  │ 400.00   │ eFPGA_top_i.LocalWriteData[23\]                    │ _1198_/A1                                              │ met2  │
│ 4.40  │ 1760.52  │ 400.00   │ net251                                             │ _0904_/A1                                              │ met2  │
│ 4.40  │ 1760.52  │ 400.00   │ net251                                             │ _0970_/A1                                              │ met2  │
│ 4.40  │ 1760.52  │ 400.00   │ net251                                             │ _1004_/A0                                              │ met2  │
│ 4.40  │ 1760.52  │ 400.00   │ net251                                             │ _1037_/A1                                              │ met2  │
│ 4.27  │ 1709.19  │ 400.00   │ eFPGA_top_i.FrameAddressRegister[4\]               │ _0721_/A                                               │ met1  │
│ 4.23  │ 1691.11  │ 400.00   │ eFPGA_top_i.eFPGA_inst.Tile_X5Y1_S4BEG[6\]         │ eFPGA_top_i.eFPGA_inst.Tile_X5Y2_LUT4AB/S4END[6]       │ met3  │
│ 4.22  │ 1686.64  │ 400.00   │ eFPGA_top_i.eFPGA_inst.Tile_X5Y2_N4BEG[11\]        │ eFPGA_top_i.eFPGA_inst.Tile_X5Y1_LUT4AB/N4END[11]      │ met2  │
│ 4.20  │ 1681.44  │ 400.00   │ eFPGA_top_i.FrameAddressRegister[7\]               │ _0639_/A                                               │ met1  │
│ 4.20  │ 1681.44  │ 400.00   │ eFPGA_top_i.FrameAddressRegister[7\]               │ _0661_/A                                               │ met1  │
│ 4.20  │ 1681.44  │ 400.00   │ eFPGA_top_i.FrameAddressRegister[7\]               │ _0682_/A                                               │ met1  │
│ 4.16  │ 1663.21  │ 400.00   │ eFPGA_top_i.FrameAddressRegister[8\]               │ _0598_/A                                               │ met1  │
│ 4.15  │ 1659.80  │ 400.00   │ net254                                             │ _0764_/A1                                              │ met2  │
│ 4.15  │ 1659.80  │ 400.00   │ net254                                             │ _0901_/A1                                              │ met2  │
│ 4.15  │ 1659.80  │ 400.00   │ net254                                             │ _0967_/A1                                              │ met2  │
│ 4.15  │ 1659.80  │ 400.00   │ net254                                             │ _1001_/A0                                              │ met2  │
│ 4.15  │ 1659.80  │ 400.00   │ net254                                             │ _1034_/A1                                              │ met2  │
│ 4.12  │ 1646.21  │ 400.00   │ eFPGA_top_i.eFPGA_inst.Tile_X0Y5_B_I_top           │ _1736_/A                                               │ met2  │
│ 4.03  │ 1613.54  │ 400.00   │ eFPGA_top_i.eFPGA_inst.Tile_X4Y2_N4BEG[10\]        │ eFPGA_top_i.eFPGA_inst.Tile_X4Y1_LUT4AB/N4END[10]      │ met2  │
│ 3.99  │ 1596.21  │ 400.00   │ eFPGA_top_i.FrameAddressRegister[2\]               │ _0592_/A                                               │ met1  │
│ 3.99  │ 1596.21  │ 400.00   │ eFPGA_top_i.FrameAddressRegister[2\]               │ _0634_/A                                               │ met1  │
│ 3.99  │ 1596.21  │ 400.00   │ eFPGA_top_i.FrameAddressRegister[2\]               │ _0656_/A                                               │ met1  │
│ 3.96  │ 1585.46  │ 400.00   │ eFPGA_top_i.eFPGA_inst.Tile_X0Y11_A_I_top          │ _1725_/A                                               │ met2  │
│ 3.87  │ 1546.33  │ 400.00   │ eFPGA_top_i.eFPGA_inst.Tile_X0Y7_B_I_top           │ _1732_/A                                               │ met2  │
│ 3.79  │ 1515.32  │ 400.00   │ eFPGA_top_i.FrameAddressRegister[0\]               │ _0717_/A                                               │ met1  │
│ 3.74  │ 1497.31  │ 400.00   │ eFPGA_top_i.eFPGA_inst.Tile_X9Y14_W6BEG[0\]        │ eFPGA_top_i.eFPGA_inst.Tile_X8Y14_LUT4AB/W6END[0]      │ met3  │
│ 3.71  │ 1485.89  │ 400.00   │ eFPGA_top_i.eFPGA_inst.Tile_X8Y4_E1BEG[3\]         │ eFPGA_top_i.eFPGA_inst.Tile_X9Y4_RAM_IO/E1END[3]       │ met4  │
│ 3.71  │ 1482.66  │ 400.00   │ net257                                             │ _0761_/A1                                              │ met2  │
│ 3.71  │ 1482.66  │ 400.00   │ net257                                             │ _0864_/A0                                              │ met2  │
│ 3.71  │ 1482.66  │ 400.00   │ net257                                             │ _0931_/A1                                              │ met2  │
│ 3.71  │ 1482.66  │ 400.00   │ net257                                             │ _0964_/A1                                              │ met2  │
│ 3.69  │ 1476.32  │ 400.00   │ eFPGA_top_i.FrameAddressRegister[19\]              │ _0543_/A                                               │ met1  │
│ 3.69  │ 1476.32  │ 400.00   │ eFPGA_top_i.FrameAddressRegister[19\]              │ _0565_/A                                               │ met1  │
│ 3.69  │ 1476.32  │ 400.00   │ eFPGA_top_i.FrameAddressRegister[19\]              │ _0588_/A                                               │ met1  │
│ 3.69  │ 1476.32  │ 400.00   │ eFPGA_top_i.FrameAddressRegister[19\]              │ _0609_/A                                               │ met1  │
│ 3.69  │ 1476.32  │ 400.00   │ eFPGA_top_i.FrameAddressRegister[19\]              │ _0651_/A                                               │ met1  │
│ 3.64  │ 1457.39  │ 400.00   │ eFPGA_top_i.FrameAddressRegister[5\]               │ _0529_/A                                               │ met1  │
│ 3.64  │ 1457.39  │ 400.00   │ eFPGA_top_i.FrameAddressRegister[5\]               │ _0574_/A                                               │ met1  │
│ 3.64  │ 1457.39  │ 400.00   │ eFPGA_top_i.FrameAddressRegister[5\]               │ _0595_/A                                               │ met1  │
│ 3.62  │ 1449.69  │ 400.00   │ eFPGA_top_i.FrameAddressRegister[6\]               │ _0575_/A                                               │ met1  │
│ 3.62  │ 1449.69  │ 400.00   │ eFPGA_top_i.FrameAddressRegister[6\]               │ _0617_/A                                               │ met1  │
│ 3.61  │ 1444.16  │ 400.00   │ eFPGA_top_i.LocalWriteData[2\]                     │ _1045_/A1                                              │ met2  │
│ 3.61  │ 1444.16  │ 400.00   │ eFPGA_top_i.LocalWriteData[2\]                     │ fanout248/A                                            │ met2  │
│ 3.61  │ 1442.26  │ 400.00   │ eFPGA_top_i.LocalWriteData[13\]                    │ _1056_/A1                                              │ met2  │
│ 3.61  │ 1442.26  │ 400.00   │ eFPGA_top_i.LocalWriteData[13\]                    │ _1122_/A0                                              │ met2  │
│ 3.61  │ 1442.26  │ 400.00   │ eFPGA_top_i.LocalWriteData[13\]                    │ fanout266/A                                            │ met2  │
│ 3.60  │ 1438.19  │ 400.00   │ eFPGA_top_i.FrameAddressRegister[3\]               │ _0614_/A                                               │ met1  │
│ 3.60  │ 1438.19  │ 400.00   │ eFPGA_top_i.FrameAddressRegister[3\]               │ _0635_/A                                               │ met1  │
│ 3.54  │ 1417.72  │ 400.00   │ eFPGA_top_i.LocalWriteData[29\]                    │ _1072_/A1                                              │ met2  │
│ 3.54  │ 1417.72  │ 400.00   │ eFPGA_top_i.LocalWriteData[29\]                    │ fanout249/A                                            │ met2  │
│ 3.47  │ 1389.89  │ 400.00   │ eFPGA_top_i.eFPGA_inst.Tile_X0Y10_B_T_top          │ _1698_/A                                               │ met2  │
│ 3.47  │ 1388.78  │ 400.00   │ net256                                             │ _0965_/A1                                              │ met2  │
│ 3.47  │ 1386.77  │ 400.00   │ net267                                             │ _0889_/A1                                              │ met2  │
│ 3.47  │ 1386.77  │ 400.00   │ net267                                             │ _0922_/A1                                              │ met2  │
│ 3.47  │ 1386.77  │ 400.00   │ net267                                             │ _0955_/A1                                              │ met2  │
│ 3.47  │ 1386.77  │ 400.00   │ net267                                             │ _0989_/A0                                              │ met2  │
│ 3.47  │ 1386.77  │ 400.00   │ net267                                             │ _1022_/A1                                              │ met2  │
│ 3.47  │ 1386.09  │ 400.00   │ net255                                             │ _0900_/A1                                              │ met2  │
│ 3.47  │ 1386.09  │ 400.00   │ net255                                             │ _0966_/A1                                              │ met2  │
│ 3.47  │ 1386.09  │ 400.00   │ net255                                             │ _1000_/A0                                              │ met2  │
│ 3.46  │ 1382.77  │ 400.00   │ eFPGA_top_i.LocalWriteData[8\]                     │ _1051_/A1                                              │ met2  │
│ 3.46  │ 1382.77  │ 400.00   │ eFPGA_top_i.LocalWriteData[8\]                     │ _1117_/A0                                              │ met2  │
│ 3.46  │ 1382.77  │ 400.00   │ eFPGA_top_i.LocalWriteData[8\]                     │ _1183_/A1                                              │ met2  │
│ 3.40  │ 1361.19  │ 400.00   │ eFPGA_top_i.FrameAddressRegister[6\]               │ _0596_/A                                               │ met1  │
│ 3.40  │ 1361.19  │ 400.00   │ eFPGA_top_i.FrameAddressRegister[6\]               │ _0681_/A                                               │ met1  │
│ 3.40  │ 1360.20  │ 400.00   │ eFPGA_top_i.eFPGA_inst.Tile_X8Y4_E1BEG[3\]         │ eFPGA_top_i.eFPGA_inst.Tile_X9Y4_RAM_IO/E1END[3]       │ met3  │
│ 3.37  │ 12360.34 │ 3669.20  │ net113                                             │ fanout112/A                                            │ met4  │
│ 3.35  │ 1341.95  │ 400.00   │ eFPGA_top_i.LocalWriteData[1\]                     │ _1044_/A1                                              │ met2  │
│ 3.35  │ 1341.95  │ 400.00   │ eFPGA_top_i.LocalWriteData[1\]                     │ _1077_/A1                                              │ met2  │
│ 3.35  │ 1341.95  │ 400.00   │ eFPGA_top_i.LocalWriteData[1\]                     │ _1110_/A0                                              │ met2  │
│ 3.35  │ 1341.95  │ 400.00   │ eFPGA_top_i.LocalWriteData[1\]                     │ _1176_/A1                                              │ met2  │
│ 3.35  │ 1341.95  │ 400.00   │ eFPGA_top_i.LocalWriteData[1\]                     │ fanout259/A                                            │ met2  │
│ 3.34  │ 1335.18  │ 400.00   │ net247                                             │ _0770_/A1                                              │ met2  │
│ 3.34  │ 1335.18  │ 400.00   │ net247                                             │ _0839_/A1                                              │ met2  │
│ 3.34  │ 1335.18  │ 400.00   │ net247                                             │ _0873_/A0                                              │ met2  │
│ 3.34  │ 1335.18  │ 400.00   │ net247                                             │ _0907_/A1                                              │ met2  │
│ 3.34  │ 1335.18  │ 400.00   │ net247                                             │ _0940_/A1                                              │ met2  │
│ 3.34  │ 1335.18  │ 400.00   │ net247                                             │ _0973_/A1                                              │ met2  │
│ 3.34  │ 1335.18  │ 400.00   │ net247                                             │ _1007_/A0                                              │ met2  │
│ 3.34  │ 1335.18  │ 400.00   │ net247                                             │ _1040_/A1                                              │ met2  │
│ 3.31  │ 1322.35  │ 400.00   │ eFPGA_top_i.LocalWriteData[19\]                    │ _1062_/A1                                              │ met2  │
│ 3.31  │ 1322.35  │ 400.00   │ eFPGA_top_i.LocalWriteData[19\]                    │ _1095_/A1                                              │ met2  │
│ 3.31  │ 1322.35  │ 400.00   │ eFPGA_top_i.LocalWriteData[19\]                    │ _1128_/A0                                              │ met2  │
│ 3.31  │ 1322.35  │ 400.00   │ eFPGA_top_i.LocalWriteData[19\]                    │ _1194_/A1                                              │ met2  │
│ 3.31  │ 1322.35  │ 400.00   │ eFPGA_top_i.LocalWriteData[19\]                    │ fanout260/A                                            │ met2  │
│ 3.28  │ 1312.06  │ 400.00   │ eFPGA_top_i.FrameData[285\]                        │ _0972_/A0                                              │ met2  │
│ 3.28  │ 1312.06  │ 400.00   │ eFPGA_top_i.FrameData[343\]                        │ _0763_/A0                                              │ met2  │
│ 3.28  │ 1310.59  │ 400.00   │ eFPGA_top_i.RowSelect[4\]                          │ _0737_/B                                               │ met3  │
│ 3.28  │ 1310.59  │ 400.00   │ eFPGA_top_i.RowSelect[4\]                          │ _0772_/B                                               │ met3  │
│ 3.28  │ 1310.59  │ 400.00   │ eFPGA_top_i.RowSelect[4\]                          │ _0807_/C                                               │ met3  │
│ 3.28  │ 1310.59  │ 400.00   │ eFPGA_top_i.RowSelect[4\]                          │ _0841_/A_N                                             │ met3  │
│ 3.24  │ 1296.89  │ 400.00   │ eFPGA_top_i.eFPGA_inst.Tile_X0Y8_A_I_top           │ _1731_/A                                               │ met2  │
│ 3.23  │ 1293.74  │ 400.00   │ eFPGA_top_i.LocalWriteData[18\]                    │ _1061_/A1                                              │ met2  │
│ 3.23  │ 1293.74  │ 400.00   │ eFPGA_top_i.LocalWriteData[18\]                    │ _1094_/A1                                              │ met2  │
│ 3.23  │ 1293.74  │ 400.00   │ eFPGA_top_i.LocalWriteData[18\]                    │ fanout261/A                                            │ met2  │
│ 3.21  │ 1285.07  │ 400.00   │ eFPGA_top_i.LocalWriteData[11\]                    │ _1054_/A1                                              │ met2  │
│ 3.21  │ 1285.07  │ 400.00   │ eFPGA_top_i.LocalWriteData[11\]                    │ _1087_/A1                                              │ met2  │
│ 3.21  │ 1285.07  │ 400.00   │ eFPGA_top_i.LocalWriteData[11\]                    │ _1120_/A0                                              │ met2  │
│ 3.21  │ 1285.07  │ 400.00   │ eFPGA_top_i.LocalWriteData[11\]                    │ _1186_/A1                                              │ met2  │
│ 3.21  │ 1285.07  │ 400.00   │ eFPGA_top_i.LocalWriteData[11\]                    │ fanout268/A                                            │ met2  │
│ 3.20  │ 1281.68  │ 400.00   │ eFPGA_top_i.FrameData[115\]                        │ _1128_/A1                                              │ met2  │
│ 3.20  │ 1280.94  │ 400.00   │ _0450_                                             │ _0541_/B                                               │ met1  │
│ 3.19  │ 1276.51  │ 400.00   │ eFPGA_top_i.eFPGA_inst.Tile_X0Y12_B_I_top          │ _1722_/A                                               │ met2  │
│ 3.17  │ 1268.80  │ 400.00   │ eFPGA_top_i.LocalWriteData[3\]                     │ _1046_/A1                                              │ met2  │
│ 3.17  │ 1268.80  │ 400.00   │ eFPGA_top_i.LocalWriteData[3\]                     │ _1079_/A1                                              │ met2  │
│ 3.17  │ 1268.80  │ 400.00   │ eFPGA_top_i.LocalWriteData[3\]                     │ _1112_/A0                                              │ met2  │
│ 3.17  │ 1268.80  │ 400.00   │ eFPGA_top_i.LocalWriteData[3\]                     │ _1178_/A1                                              │ met2  │
│ 3.17  │ 1268.80  │ 400.00   │ eFPGA_top_i.LocalWriteData[3\]                     │ fanout245/A                                            │ met2  │
│ 3.17  │ 1267.14  │ 400.00   │ eFPGA_top_i.FrameAddressRegister[11\]              │ _0580_/A                                               │ met1  │
│ 3.17  │ 1267.14  │ 400.00   │ eFPGA_top_i.FrameAddressRegister[11\]              │ _0601_/A                                               │ met1  │
│ 3.17  │ 1267.14  │ 400.00   │ eFPGA_top_i.FrameAddressRegister[11\]              │ _0622_/A                                               │ met1  │
│ 3.17  │ 1267.14  │ 400.00   │ eFPGA_top_i.FrameAddressRegister[11\]              │ _0643_/A                                               │ met1  │
│ 3.15  │ 1258.32  │ 400.00   │ eFPGA_top_i.FrameAddressRegister[2\]               │ _0526_/A                                               │ met1  │
│ 3.15  │ 1258.32  │ 400.00   │ eFPGA_top_i.FrameAddressRegister[2\]               │ _0548_/A                                               │ met1  │
│ 3.15  │ 1258.32  │ 400.00   │ eFPGA_top_i.FrameAddressRegister[2\]               │ _0571_/A                                               │ met1  │
│ 3.15  │ 1258.12  │ 400.00   │ eFPGA_top_i.LocalWriteData[17\]                    │ _1093_/A1                                              │ met2  │
│ 3.15  │ 1258.12  │ 400.00   │ eFPGA_top_i.LocalWriteData[17\]                    │ _1126_/A0                                              │ met2  │
│ 3.15  │ 1258.12  │ 400.00   │ eFPGA_top_i.LocalWriteData[17\]                    │ _1192_/A1                                              │ met2  │
│ 3.14  │ 1254.98  │ 400.00   │ eFPGA_top_i.FrameAddressRegister[16\]              │ _0691_/A                                               │ met1  │
│ 3.13  │ 1252.22  │ 400.00   │ eFPGA_top_i.LocalWriteData[7\]                     │ _1050_/A1                                              │ met2  │
│ 3.13  │ 1252.22  │ 400.00   │ eFPGA_top_i.LocalWriteData[7\]                     │ _1083_/A1                                              │ met2  │
│ 3.13  │ 1252.22  │ 400.00   │ eFPGA_top_i.LocalWriteData[7\]                     │ _1116_/A0                                              │ met2  │
│ 3.13  │ 1252.22  │ 400.00   │ eFPGA_top_i.LocalWriteData[7\]                     │ _1182_/A1                                              │ met2  │
│ 3.13  │ 1252.22  │ 400.00   │ eFPGA_top_i.LocalWriteData[7\]                     │ fanout241/A                                            │ met2  │
│ 3.13  │ 1251.31  │ 400.00   │ eFPGA_top_i.FrameData[413\]                        │ _0838_/A0                                              │ met2  │
│ 3.12  │ 1246.69  │ 400.00   │ eFPGA_top_i.LocalWriteData[16\]                    │ _1059_/A1                                              │ met2  │
│ 3.12  │ 1246.69  │ 400.00   │ eFPGA_top_i.LocalWriteData[16\]                    │ fanout263/A                                            │ met2  │
│ 3.10  │ 1241.40  │ 400.00   │ eFPGA_top_i.LocalWriteData[0\]                     │ _1043_/A1                                              │ met2  │
│ 3.10  │ 1241.40  │ 400.00   │ eFPGA_top_i.LocalWriteData[0\]                     │ _1076_/A1                                              │ met2  │
│ 3.10  │ 1241.40  │ 400.00   │ eFPGA_top_i.LocalWriteData[0\]                     │ _1109_/A0                                              │ met2  │
│ 3.10  │ 1241.40  │ 400.00   │ eFPGA_top_i.LocalWriteData[0\]                     │ _1175_/A1                                              │ met2  │
│ 3.10  │ 1241.40  │ 400.00   │ eFPGA_top_i.LocalWriteData[0\]                     │ fanout270/A                                            │ met2  │
│ 3.10  │ 1241.03  │ 400.00   │ eFPGA_top_i.FrameAddressRegister[12\]              │ _0644_/A                                               │ met1  │
│ 3.10  │ 1241.03  │ 400.00   │ eFPGA_top_i.FrameAddressRegister[12\]              │ _0666_/A                                               │ met1  │
│ 3.10  │ 1241.03  │ 400.00   │ eFPGA_top_i.FrameAddressRegister[12\]              │ _0687_/A                                               │ met1  │
│ 3.10  │ 1241.03  │ 400.00   │ eFPGA_top_i.FrameAddressRegister[12\]              │ _0708_/A                                               │ met1  │
│ 3.10  │ 1240.75  │ 400.00   │ eFPGA_top_i.eFPGA_inst.Tile_X9Y12_W2BEGb[7\]       │ eFPGA_top_i.eFPGA_inst.Tile_X8Y12_LUT4AB/W2END[7]      │ met3  │
│ 3.06  │ 1223.75  │ 400.00   │ eFPGA_top_i.eFPGA_inst.Tile_X8Y6_E1BEG[1\]         │ eFPGA_top_i.eFPGA_inst.Tile_X9Y6_RAM_IO/E1END[1]       │ met3  │
│ 3.05  │ 1218.91  │ 400.00   │ eFPGA_top_i.FrameAddressRegister[14\]              │ _0538_/A                                               │ met1  │
│ 3.05  │ 1218.91  │ 400.00   │ eFPGA_top_i.FrameAddressRegister[14\]              │ _0560_/A                                               │ met1  │
│ 3.05  │ 1218.91  │ 400.00   │ eFPGA_top_i.FrameAddressRegister[14\]              │ _0583_/A                                               │ met1  │
│ 3.05  │ 1218.91  │ 400.00   │ eFPGA_top_i.FrameAddressRegister[14\]              │ _0604_/A                                               │ met1  │
│ 3.05  │ 1218.91  │ 400.00   │ eFPGA_top_i.FrameAddressRegister[14\]              │ _0668_/A                                               │ met1  │
│ 3.03  │ 1210.07  │ 400.00   │ net242                                             │ _0746_/A1                                              │ met2  │
│ 3.03  │ 1210.07  │ 400.00   │ net242                                             │ _0883_/A1                                              │ met2  │
│ 3.03  │ 1210.07  │ 400.00   │ net242                                             │ _0916_/A1                                              │ met2  │
│ 3.03  │ 1210.07  │ 400.00   │ net242                                             │ _0949_/A1                                              │ met2  │
│ 3.03  │ 1210.07  │ 400.00   │ net242                                             │ _0983_/A0                                              │ met2  │
│ 3.03  │ 1210.07  │ 400.00   │ net242                                             │ _1016_/A1                                              │ met2  │
│ 2.99  │ 1194.96  │ 400.00   │ eFPGA_top_i.FrameAddressRegister[18\]              │ _0542_/A                                               │ met1  │
│ 2.99  │ 1194.96  │ 400.00   │ eFPGA_top_i.FrameAddressRegister[18\]              │ _0564_/A                                               │ met1  │
│ 2.99  │ 1194.96  │ 400.00   │ eFPGA_top_i.FrameAddressRegister[18\]              │ _0587_/A                                               │ met1  │
│ 2.99  │ 1194.96  │ 400.00   │ eFPGA_top_i.FrameAddressRegister[18\]              │ _0629_/A                                               │ met1  │
│ 2.98  │ 1190.55  │ 400.00   │ eFPGA_top_i.FrameData[202\]                        │ _1020_/A0                                              │ met2  │
│ 2.96  │ 1184.72  │ 400.00   │ eFPGA_top_i.LocalWriteData[23\]                    │ _1132_/A0                                              │ met2  │
│ 2.96  │ 1184.72  │ 400.00   │ eFPGA_top_i.LocalWriteData[23\]                    │ fanout255/A                                            │ met2  │
│ 2.96  │ 1183.51  │ 400.00   │ eFPGA_top_i.eFPGA_inst.Tile_X0Y9_A_I_top           │ _1729_/A                                               │ met2  │
│ 2.94  │ 1176.40  │ 400.00   │ eFPGA_top_i.LocalWriteData[30\]                    │ _1139_/A0                                              │ met2  │
│ 2.94  │ 1176.40  │ 400.00   │ eFPGA_top_i.LocalWriteData[30\]                    │ _1205_/A1                                              │ met2  │
│ 2.93  │ 1170.61  │ 400.00   │ eFPGA_top_i.FrameAddressRegister[5\]               │ _0616_/A                                               │ met1  │
│ 2.93  │ 1170.61  │ 400.00   │ eFPGA_top_i.FrameAddressRegister[5\]               │ _0637_/A                                               │ met1  │
│ 2.93  │ 1170.61  │ 400.00   │ eFPGA_top_i.FrameAddressRegister[5\]               │ _0659_/A                                               │ met1  │
│ 2.93  │ 1170.61  │ 400.00   │ eFPGA_top_i.FrameAddressRegister[5\]               │ _0701_/A                                               │ met1  │
│ 2.91  │ 1165.11  │ 400.00   │ eFPGA_top_i.LocalWriteData[31\]                    │ _1074_/A1                                              │ met2  │
│ 2.91  │ 1165.11  │ 400.00   │ eFPGA_top_i.LocalWriteData[31\]                    │ _1140_/A0                                              │ met2  │
│ 2.91  │ 1165.11  │ 400.00   │ eFPGA_top_i.LocalWriteData[31\]                    │ fanout246/A                                            │ met2  │
│ 2.91  │ 1163.13  │ 400.00   │ eFPGA_top_i.eFPGA_inst.Tile_X0Y11_A_T_top          │ _1697_/A                                               │ met2  │
│ 2.90  │ 1158.59  │ 400.00   │ eFPGA_top_i.LocalWriteData[21\]                    │ _1097_/A1                                              │ met2  │
│ 2.90  │ 1158.59  │ 400.00   │ eFPGA_top_i.LocalWriteData[21\]                    │ _1196_/A1                                              │ met2  │
│ 2.89  │ 1155.14  │ 400.00   │ eFPGA_top_i.FrameData[187\]                        │ _1070_/A0                                              │ met2  │
│ 2.89  │ 1154.03  │ 400.00   │ eFPGA_top_i.FrameAddressRegister[9\]               │ _0726_/A                                               │ met1  │
│ 2.83  │ 1133.22  │ 400.00   │ eFPGA_top_i.LocalWriteData[20\]                    │ _1063_/A1                                              │ met2  │
│ 2.83  │ 1133.22  │ 400.00   │ eFPGA_top_i.LocalWriteData[20\]                    │ _1096_/A1                                              │ met2  │
│ 2.83  │ 1133.22  │ 400.00   │ eFPGA_top_i.LocalWriteData[20\]                    │ _1129_/A0                                              │ met2  │
│ 2.83  │ 1133.22  │ 400.00   │ eFPGA_top_i.LocalWriteData[20\]                    │ _1195_/A1                                              │ met2  │
│ 2.83  │ 1133.22  │ 400.00   │ eFPGA_top_i.LocalWriteData[20\]                    │ fanout258/A                                            │ met2  │
│ 2.82  │ 1129.80  │ 400.00   │ eFPGA_top_i.FrameData[221\]                        │ _1039_/A0                                              │ met2  │
│ 2.82  │ 1129.80  │ 400.00   │ eFPGA_top_i.FrameData[265\]                        │ _0952_/A0                                              │ met2  │
│ 2.82  │ 1129.28  │ 400.00   │ eFPGA_top_i.eFPGA_inst.Tile_X8Y8_EE4BEG[5\]        │ eFPGA_top_i.eFPGA_inst.Tile_X9Y8_RAM_IO/EE4END[5]      │ met4  │
│ 2.81  │ 1122.64  │ 400.00   │ eFPGA_top_i.FrameData[164\]                        │ _1047_/A0                                              │ met2  │
│ 2.77  │ 1108.48  │ 400.00   │ net239                                             │ _0749_/A1                                              │ met2  │
│ 2.77  │ 1108.48  │ 400.00   │ net239                                             │ _0886_/A1                                              │ met2  │
│ 2.77  │ 1108.48  │ 400.00   │ net239                                             │ _0919_/A1                                              │ met2  │
│ 2.77  │ 1108.48  │ 400.00   │ net239                                             │ _0952_/A1                                              │ met2  │
│ 2.77  │ 1108.48  │ 400.00   │ net239                                             │ _0986_/A0                                              │ met2  │
│ 2.77  │ 1108.48  │ 400.00   │ net239                                             │ _1019_/A1                                              │ met2  │
│ 2.77  │ 1106.63  │ 400.00   │ eFPGA_top_i.LocalWriteData[28\]                    │ _1071_/A1                                              │ met2  │
│ 2.77  │ 1106.63  │ 400.00   │ eFPGA_top_i.LocalWriteData[28\]                    │ _1104_/A1                                              │ met2  │
│ 2.77  │ 1106.63  │ 400.00   │ eFPGA_top_i.LocalWriteData[28\]                    │ _1137_/A0                                              │ met2  │
│ 2.77  │ 1106.63  │ 400.00   │ eFPGA_top_i.LocalWriteData[28\]                    │ _1203_/A1                                              │ met2  │
│ 2.77  │ 1106.63  │ 400.00   │ eFPGA_top_i.LocalWriteData[28\]                    │ fanout250/A                                            │ met2  │
│ 2.75  │ 1098.58  │ 400.00   │ eFPGA_top_i.eFPGA_inst.Tile_X0Y10_A_T_top          │ _1699_/A                                               │ met2  │
│ 2.75  │ 1098.14  │ 400.00   │ net255                                             │ _0933_/A1                                              │ met2  │
│ 2.75  │ 1098.14  │ 400.00   │ net255                                             │ _1033_/A1                                              │ met2  │
│ 2.74  │ 1096.60  │ 400.00   │ eFPGA_top_i.FrameData[379\]                        │ _0870_/A1                                              │ met2  │
│ 2.74  │ 1094.24  │ 400.00   │ eFPGA_top_i.FrameAddressRegister[1\]               │ _0525_/A                                               │ met1  │
│ 2.74  │ 1094.24  │ 400.00   │ eFPGA_top_i.FrameAddressRegister[1\]               │ _0547_/A                                               │ met1  │
│ 2.74  │ 1094.24  │ 400.00   │ eFPGA_top_i.FrameAddressRegister[1\]               │ _0591_/A                                               │ met1  │
│ 2.74  │ 1094.24  │ 400.00   │ eFPGA_top_i.FrameAddressRegister[1\]               │ _0612_/A                                               │ met1  │
│ 2.74  │ 1094.24  │ 400.00   │ eFPGA_top_i.FrameAddressRegister[1\]               │ _0655_/A                                               │ met1  │
│ 2.69  │ 1077.16  │ 400.00   │ net270                                             │ _0740_/A1                                              │ met2  │
│ 2.69  │ 1077.16  │ 400.00   │ net270                                             │ _0843_/A0                                              │ met2  │
│ 2.69  │ 1077.16  │ 400.00   │ net270                                             │ _0910_/A1                                              │ met2  │
│ 2.69  │ 1077.16  │ 400.00   │ net270                                             │ _0977_/A0                                              │ met2  │
│ 2.69  │ 1076.23  │ 400.00   │ eFPGA_top_i.eFPGA_inst.Tile_X7Y2_N2BEGb[2\]        │ eFPGA_top_i.eFPGA_inst.Tile_X7Y1_LUT4AB/N2END[2]       │ met3  │
│ 2.67  │ 1069.04  │ 400.00   │ eFPGA_top_i.FrameData[114\]                        │ _1127_/A1                                              │ met2  │
│ 2.67  │ 1069.04  │ 400.00   │ eFPGA_top_i.FrameData[298\]                        │ _0920_/A0                                              │ met2  │
│ 2.67  │ 1067.72  │ 400.00   │ eFPGA_top_i.eFPGA_inst.Tile_X8Y8_E1BEG[2\]         │ eFPGA_top_i.eFPGA_inst.Tile_X9Y8_RAM_IO/E1END[2]       │ met4  │
│ 2.62  │ 1047.48  │ 400.00   │ net240                                             │ _0748_/A1                                              │ met2  │
│ 2.62  │ 1047.48  │ 400.00   │ net240                                             │ _0851_/A0                                              │ met2  │
│ 2.62  │ 1047.48  │ 400.00   │ net240                                             │ _0918_/A1                                              │ met2  │
│ 2.62  │ 1047.48  │ 400.00   │ net240                                             │ _0951_/A1                                              │ met2  │
│ 2.62  │ 1047.45  │ 400.00   │ eFPGA_top_i.eFPGA_inst.Tile_X0Y9_B_T_top           │ _1700_/A                                               │ met2  │
│ 2.60  │ 1041.53  │ 400.00   │ net265                                             │ _1024_/A1                                              │ met2  │
│ 2.60  │ 1038.66  │ 400.00   │ eFPGA_top_i.FrameData[100\]                        │ _1113_/A1                                              │ met2  │
│ 2.56  │ 1024.84  │ 400.00   │ eFPGA_top_i.LocalWriteData[27\]                    │ _1103_/A1                                              │ met2  │
│ 2.56  │ 1024.84  │ 400.00   │ eFPGA_top_i.LocalWriteData[27\]                    │ _1202_/A1                                              │ met2  │
│ 2.56  │ 1023.16  │ 400.00   │ eFPGA_top_i.FrameAddressRegister[16\]              │ _0648_/A                                               │ met1  │
│ 2.56  │ 1023.16  │ 400.00   │ eFPGA_top_i.FrameAddressRegister[16\]              │ _0670_/A                                               │ met1  │
│ 2.54  │ 1016.74  │ 400.00   │ eFPGA_top_i.eFPGA_inst.Tile_X1Y1_S4BEG[3\]         │ eFPGA_top_i.eFPGA_inst.Tile_X1Y2_LUT4AB/S4END[3]       │ met2  │
│ 2.53  │ 1011.37  │ 400.00   │ eFPGA_top_i.eFPGA_inst.Tile_X0Y7_B_T_top           │ _1704_/A                                               │ met2  │
│ 2.52  │ 1008.29  │ 400.00   │ eFPGA_top_i.FrameData[327\]                        │ _0747_/A0                                              │ met2  │
│ 2.52  │ 9228.51  │ 3669.20  │ net136                                             │ fanout135/A                                            │ met4  │
│ 2.49  │ 994.69   │ 400.00   │ net241                                             │ _0884_/A1                                              │ met2  │
│ 2.49  │ 994.69   │ 400.00   │ net241                                             │ _0917_/A1                                              │ met2  │
│ 2.49  │ 994.69   │ 400.00   │ net241                                             │ _0950_/A1                                              │ met2  │
│ 2.49  │ 994.69   │ 400.00   │ net241                                             │ _0984_/A0                                              │ met2  │
│ 2.49  │ 994.69   │ 400.00   │ net241                                             │ _1017_/A1                                              │ met2  │
│ 2.48  │ 6877.97  │ 2778.20  │ eFPGA_top_i.eFPGA_inst.Tile_X8Y5_E1BEG[2\]         │ eFPGA_top_i.eFPGA_inst.Tile_X9Y5_RAM_IO/E1END[2]       │ met4  │
│ 2.45  │ 980.99   │ 400.00   │ eFPGA_top_i.eFPGA_inst.Tile_X0Y11_B_I_top          │ _1724_/A                                               │ met2  │
│ 2.44  │ 977.91   │ 400.00   │ eFPGA_top_i.FrameData[269\]                        │ _0956_/A0                                              │ met2  │
│ 2.43  │ 970.15   │ 400.00   │ net249                                             │ _0769_/A1                                              │ met2  │
│ 2.43  │ 970.15   │ 400.00   │ net249                                             │ _0804_/A1                                              │ met2  │
│ 2.43  │ 970.15   │ 400.00   │ net249                                             │ _0838_/A1                                              │ met2  │
│ 2.43  │ 970.15   │ 400.00   │ net249                                             │ _0872_/A0                                              │ met2  │
│ 2.43  │ 970.15   │ 400.00   │ net249                                             │ _0906_/A1                                              │ met2  │
│ 2.43  │ 970.15   │ 400.00   │ net249                                             │ _0939_/A1                                              │ met2  │
│ 2.43  │ 970.15   │ 400.00   │ net249                                             │ _0972_/A1                                              │ met2  │
│ 2.43  │ 970.15   │ 400.00   │ net249                                             │ _1006_/A0                                              │ met2  │
│ 2.43  │ 970.15   │ 400.00   │ net249                                             │ _1039_/A1                                              │ met2  │
│ 2.41  │ 963.53   │ 400.00   │ net156                                             │ _0708_/B                                               │ met1  │
│ 2.40  │ 961.88   │ 400.00   │ eFPGA_top_i.eFPGA_inst.Tile_X8Y14_E6BEG[4\]        │ eFPGA_top_i.eFPGA_inst.Tile_X9Y14_RAM_IO/E6END[4]      │ met3  │
│ 2.39  │ 954.77   │ 400.00   │ net243                                             │ _0745_/A1                                              │ met2  │
│ 2.39  │ 954.77   │ 400.00   │ net243                                             │ _0848_/A0                                              │ met2  │
│ 2.39  │ 954.77   │ 400.00   │ net243                                             │ _0915_/A1                                              │ met2  │
│ 2.39  │ 954.77   │ 400.00   │ net243                                             │ _0948_/A1                                              │ met2  │
│ 2.37  │ 947.53   │ 400.00   │ eFPGA_top_i.FrameData[434\]                        │ _0793_/A0                                              │ met2  │
│ 2.37  │ 947.53   │ 400.00   │ eFPGA_top_i.FrameData[72\]                         │ _0885_/A0                                              │ met2  │
│ 2.35  │ 941.94   │ 400.00   │ eFPGA_top_i.eFPGA_inst.Tile_X8Y11_E1BEG[3\]        │ eFPGA_top_i.eFPGA_inst.Tile_X9Y11_RAM_IO/E1END[3]      │ met3  │
│ 2.35  │ 941.36   │ 400.00   │ net156                                             │ _0712_/B                                               │ met1  │
│ 2.34  │ 6930.67  │ 2956.40  │ _0100_                                             │ _1307_/D                                               │ met4  │
│ 2.34  │ 934.07   │ 400.00   │ eFPGA_top_i.eFPGA_inst.Tile_X0Y7_A_I_top           │ _1733_/A                                               │ met2  │
│ 2.32  │ 926.53   │ 400.00   │ eFPGA_top_i.LocalWriteData[24\]                    │ _1067_/A1                                              │ met2  │
│ 2.32  │ 926.53   │ 400.00   │ eFPGA_top_i.LocalWriteData[24\]                    │ _1100_/A1                                              │ met2  │
│ 2.32  │ 926.53   │ 400.00   │ eFPGA_top_i.LocalWriteData[24\]                    │ _1133_/A0                                              │ met2  │
│ 2.32  │ 926.53   │ 400.00   │ eFPGA_top_i.LocalWriteData[24\]                    │ _1199_/A1                                              │ met2  │
│ 2.31  │ 6843.05  │ 2956.40  │ _0004_                                             │ _1211_/D                                               │ met4  │
│ 2.30  │ 920.96   │ 400.00   │ eFPGA_top_i.FrameData[209\]                        │ _1027_/A0                                              │ met2  │
│ 2.29  │ 917.15   │ 400.00   │ eFPGA_top_i.FrameData[134\]                        │ _1082_/A0                                              │ met2  │
│ 2.26  │ 904.55   │ 400.00   │ net288                                             │ eFPGA_top_i.eFPGA_Config_inst/SelfWriteData[17]        │ met3  │
│ 2.24  │ 894.04   │ 400.00   │ eFPGA_top_i.LocalWriteData[15\]                    │ _1091_/A1                                              │ met2  │
│ 2.24  │ 894.04   │ 400.00   │ eFPGA_top_i.LocalWriteData[15\]                    │ _1124_/A0                                              │ met2  │
│ 2.24  │ 894.04   │ 400.00   │ eFPGA_top_i.LocalWriteData[15\]                    │ _1190_/A1                                              │ met2  │
│ 2.23  │ 6580.19  │ 2956.40  │ _0073_                                             │ _1280_/D                                               │ met4  │
│ 2.23  │ 6580.19  │ 2956.40  │ _0375_                                             │ _1582_/D                                               │ met4  │
│ 2.22  │ 888.72   │ 400.00   │ eFPGA_top_i.eFPGA_inst.Tile_X0Y8_B_T_top           │ _1702_/A                                               │ met2  │
│ 2.19  │ 874.10   │ 400.00   │ eFPGA_top_i.eFPGA_inst.Tile_X8Y8_EE4BEG[5\]        │ eFPGA_top_i.eFPGA_inst.Tile_X9Y8_RAM_IO/EE4END[5]      │ met3  │
│ 2.18  │ 873.53   │ 400.00   │ eFPGA_top_i.eFPGA_inst.Tile_X8Y4_EE4BEG[3\]        │ eFPGA_top_i.eFPGA_inst.Tile_X9Y4_RAM_IO/EE4END[3]      │ met3  │
│ 2.17  │ 867.77   │ 400.00   │ eFPGA_top_i.LocalWriteData[6\]                     │ _1049_/A1                                              │ met2  │
│ 2.17  │ 867.77   │ 400.00   │ eFPGA_top_i.LocalWriteData[6\]                     │ _1082_/A1                                              │ met2  │
│ 2.17  │ 867.77   │ 400.00   │ eFPGA_top_i.LocalWriteData[6\]                     │ _1115_/A0                                              │ met2  │
│ 2.17  │ 867.77   │ 400.00   │ eFPGA_top_i.LocalWriteData[6\]                     │ _1181_/A1                                              │ met2  │
│ 2.17  │ 867.41   │ 400.00   │ eFPGA_top_i.LocalWriteData[5\]                     │ _1048_/A1                                              │ met2  │
│ 2.17  │ 867.41   │ 400.00   │ eFPGA_top_i.LocalWriteData[5\]                     │ _1081_/A1                                              │ met2  │
│ 2.17  │ 867.41   │ 400.00   │ eFPGA_top_i.LocalWriteData[5\]                     │ _1114_/A0                                              │ met2  │
│ 2.17  │ 867.41   │ 400.00   │ eFPGA_top_i.LocalWriteData[5\]                     │ _1180_/A1                                              │ met2  │
│ 2.16  │ 865.22   │ 400.00   │ eFPGA_top_i.eFPGA_inst.Tile_X9Y1_S4BEG[10\]        │ eFPGA_top_i.eFPGA_inst.Tile_X9Y2_RAM_IO/S4END[10]      │ met3  │
│ 2.14  │ 856.40   │ 400.00   │ eFPGA_top_i.FrameData[465\]                        │ _1159_/A0                                              │ met2  │
│ 2.12  │ 848.89   │ 400.00   │ net250                                             │ _1038_/A1                                              │ met2  │
│ 2.12  │ 848.37   │ 400.00   │ eFPGA_top_i.eFPGA_inst.Tile_X8Y4_EE4BEG[3\]        │ eFPGA_top_i.eFPGA_inst.Tile_X9Y4_RAM_IO/EE4END[3]      │ met4  │
│ 2.11  │ 845.67   │ 400.00   │ eFPGA_top_i.eFPGA_inst.Tile_X0Y11_B_T_top          │ _1696_/A                                               │ met2  │
│ 2.11  │ 845.67   │ 400.00   │ eFPGA_top_i.eFPGA_inst.Tile_X0Y1_B_T_top           │ _1716_/A                                               │ met2  │
│ 2.09  │ 836.34   │ 400.00   │ eFPGA_top_i.FrameData[400\]                        │ _0825_/A0                                              │ met2  │
│ 2.07  │ 826.02   │ 400.00   │ eFPGA_top_i.FrameData[252\]                        │ _1005_/A1                                              │ met2  │
│ 2.07  │ 826.02   │ 400.00   │ eFPGA_top_i.FrameData[419\]                        │ _0778_/A0                                              │ met2  │
│ 2.06  │ 823.74   │ 400.00   │ eFPGA_top_i.FrameData[462\]                        │ _1156_/A0                                              │ met2  │
│ 2.06  │ 823.38   │ 400.00   │ eFPGA_top_i.FrameData[334\]                        │ _0754_/A0                                              │ met2  │
│ 2.06  │ 823.37   │ 400.00   │ eFPGA_top_i.LocalWriteData[26\]                    │ _1069_/A1                                              │ met2  │
│ 2.06  │ 823.37   │ 400.00   │ eFPGA_top_i.LocalWriteData[26\]                    │ _1102_/A1                                              │ met2  │
│ 2.06  │ 823.37   │ 400.00   │ eFPGA_top_i.LocalWriteData[26\]                    │ _1135_/A0                                              │ met2  │
│ 2.06  │ 822.99   │ 400.00   │ eFPGA_top_i.eFPGA_inst.Tile_X0Y12_B_T_top          │ _1694_/A                                               │ met2  │
│ 2.05  │ 6054.48  │ 2956.40  │ _0374_                                             │ _1581_/D                                               │ met4  │
│ 2.03  │ 812.36   │ 400.00   │ eFPGA_top_i.FrameData[477\]                        │ _1171_/A0                                              │ met2  │
│ 2.01  │ 804.55   │ 400.00   │ eFPGA_top_i.eFPGA_inst.Tile_X2Y2_N4BEG[10\]        │ eFPGA_top_i.eFPGA_inst.Tile_X2Y1_LUT4AB/N4END[10]      │ met2  │
│ 2.00  │ 801.32   │ 400.00   │ net250                                             │ _0837_/A1                                              │ met2  │
│ 2.00  │ 801.32   │ 400.00   │ net250                                             │ _0871_/A0                                              │ met2  │
│ 1.99  │ 795.64   │ 400.00   │ eFPGA_top_i.FrameData[444\]                        │ _0803_/A0                                              │ met2  │
│ 1.98  │ 793.01   │ 400.00   │ eFPGA_top_i.eFPGA_inst.Tile_X8Y6_E6BEG[10\]        │ eFPGA_top_i.eFPGA_inst.Tile_X9Y6_RAM_IO/E6END[10]      │ met4  │
│ 1.98  │ 790.00   │ 400.00   │ eFPGA_top_i.eFPGA_inst.Tile_X7Y1_S4BEG[4\]         │ eFPGA_top_i.eFPGA_inst.Tile_X7Y2_LUT4AB/S4END[4]       │ met2  │
│ 1.96  │ 784.35   │ 400.00   │ eFPGA_top_i.FrameData[324\]                        │ _0744_/A0                                              │ met2  │
│ 1.96  │ 784.35   │ 400.00   │ eFPGA_top_i.FrameData[329\]                        │ _0749_/A0                                              │ met2  │
│ 1.96  │ 783.76   │ 400.00   │ net235                                             │ fanout211/A                                            │ met2  │
│ 1.96  │ 783.76   │ 400.00   │ net235                                             │ fanout219/A                                            │ met2  │
│ 1.96  │ 5791.62  │ 2956.40  │ _0126_                                             │ _1333_/D                                               │ met4  │
│ 1.95  │ 780.43   │ 400.00   │ eFPGA_top_i.eFPGA_inst.Tile_X8Y6_E1BEG[3\]         │ eFPGA_top_i.eFPGA_inst.Tile_X9Y6_RAM_IO/E1END[3]       │ met3  │
│ 1.95  │ 778.86   │ 400.00   │ net170                                             │ _0575_/B                                               │ met1  │
│ 1.95  │ 778.86   │ 400.00   │ net170                                             │ _0581_/B                                               │ met1  │
│ 1.94  │ 776.75   │ 400.00   │ eFPGA_top_i.FrameAddressRegister[11\]              │ _0728_/A                                               │ met1  │
│ 1.94  │ 774.03   │ 400.00   │ eFPGA_top_i.FrameData[473\]                        │ _1167_/A0                                              │ met2  │
│ 1.93  │ 772.82   │ 400.00   │ eFPGA_top_i.FrameAddressRegister[0\]               │ _0524_/A                                               │ met3  │
│ 1.93  │ 772.82   │ 400.00   │ eFPGA_top_i.FrameAddressRegister[0\]               │ _0546_/A                                               │ met3  │
│ 1.93  │ 772.82   │ 400.00   │ eFPGA_top_i.FrameAddressRegister[0\]               │ _0569_/A                                               │ met3  │
│ 1.93  │ 772.82   │ 400.00   │ eFPGA_top_i.FrameAddressRegister[0\]               │ _0590_/A                                               │ met3  │
│ 1.93  │ 772.82   │ 400.00   │ eFPGA_top_i.FrameAddressRegister[0\]               │ _0611_/A                                               │ met3  │
│ 1.93  │ 772.82   │ 400.00   │ eFPGA_top_i.FrameAddressRegister[0\]               │ _0632_/A                                               │ met3  │
│ 1.93  │ 772.82   │ 400.00   │ eFPGA_top_i.FrameAddressRegister[0\]               │ _0654_/A                                               │ met3  │
│ 1.93  │ 772.82   │ 400.00   │ eFPGA_top_i.FrameAddressRegister[0\]               │ _0675_/A                                               │ met3  │
│ 1.93  │ 772.82   │ 400.00   │ eFPGA_top_i.FrameAddressRegister[0\]               │ _0696_/A                                               │ met3  │
│ 1.93  │ 772.82   │ 400.00   │ eFPGA_top_i.FrameAddressRegister[0\]               │ _0717_/A                                               │ met3  │
│ 1.91  │ 765.27   │ 400.00   │ eFPGA_top_i.FrameData[194\]                        │ _1012_/A0                                              │ met2  │
│ 1.91  │ 765.27   │ 400.00   │ eFPGA_top_i.FrameData[390\]                        │ _0815_/A0                                              │ met2  │
│ 1.90  │ 758.11   │ 400.00   │ eFPGA_top_i.eFPGA_inst.Tile_X8Y6_EE4BEG[3\]        │ eFPGA_top_i.eFPGA_inst.Tile_X9Y6_RAM_IO/EE4END[3]      │ met3  │
│ 1.89  │ 756.06   │ 400.00   │ eFPGA_top_i.LongFrameStrobe                        │ _0566_/C_N                                             │ met1  │
│ 1.89  │ 756.06   │ 400.00   │ eFPGA_top_i.LongFrameStrobe                        │ _0652_/D_N                                             │ met1  │
│ 1.88  │ 752.66   │ 400.00   │ eFPGA_top_i.eFPGA_inst.Tile_X0Y5_B_T_top           │ _1708_/A                                               │ met2  │
│ 1.88  │ 752.45   │ 400.00   │ eFPGA_top_i.LocalWriteData[12\]                    │ _1055_/A1                                              │ met2  │
│ 1.88  │ 752.45   │ 400.00   │ eFPGA_top_i.LocalWriteData[12\]                    │ _1088_/A1                                              │ met2  │
│ 1.87  │ 5528.76  │ 2956.40  │ _0444_                                             │ _1651_/D                                               │ met4  │
│ 1.87  │ 747.24   │ 400.00   │ eFPGA_top_i.eFPGA_inst.Tile_X2Y1_S4BEG[13\]        │ eFPGA_top_i.eFPGA_inst.Tile_X2Y2_LUT4AB/S4END[13]      │ met4  │
│ 1.85  │ 740.09   │ 400.00   │ eFPGA_top_i.eFPGA_inst.Tile_X2Y2_N4BEG[0\]         │ eFPGA_top_i.eFPGA_inst.Tile_X2Y1_LUT4AB/N4END[0]       │ met2  │
│ 1.85  │ 739.93   │ 400.00   │ eFPGA_top_i.eFPGA_inst.Tile_X4Y1_S2BEG[6\]         │ eFPGA_top_i.eFPGA_inst.Tile_X4Y2_LUT4AB/S2MID[6]       │ met2  │
│ 1.84  │ 737.79   │ 400.00   │ eFPGA_top_i.eFPGA_inst.Tile_X2Y2_N2BEG[6\]         │ eFPGA_top_i.eFPGA_inst.Tile_X2Y1_LUT4AB/N2MID[6]       │ met2  │
│ 1.84  │ 736.00   │ 400.00   │ eFPGA_top_i.eFPGA_inst.Tile_X8Y1_E6BEG[0\]         │ eFPGA_top_i.eFPGA_inst.Tile_X9Y1_RAM_IO/E6END[0]       │ met4  │
│ 1.84  │ 734.89   │ 400.00   │ eFPGA_top_i.FrameData[104\]                        │ _1117_/A1                                              │ met2  │
│ 1.84  │ 734.89   │ 400.00   │ eFPGA_top_i.FrameData[296\]                        │ _0918_/A0                                              │ met2  │
│ 1.83  │ 730.82   │ 400.00   │ eFPGA_top_i.eFPGA_inst.Tile_X8Y4_E6BEG[3\]         │ eFPGA_top_i.eFPGA_inst.Tile_X9Y4_RAM_IO/E6END[3]       │ met4  │
│ 1.82  │ 727.50   │ 400.00   │ eFPGA_top_i.RowSelect[1\]                          │ _0772_/A                                               │ met1  │
│ 1.82  │ 727.50   │ 400.00   │ eFPGA_top_i.RowSelect[1\]                          │ _0807_/B                                               │ met1  │
│ 1.82  │ 727.50   │ 400.00   │ eFPGA_top_i.RowSelect[1\]                          │ _0841_/B                                               │ met1  │
│ 1.81  │ 725.81   │ 400.00   │ eFPGA_top_i.FrameData[84\]                         │ _0897_/A0                                              │ met2  │
│ 1.80  │ 6603.93  │ 3669.20  │ net103                                             │ fanout102/A                                            │ met4  │
│ 1.80  │ 719.29   │ 400.00   │ eFPGA_top_i.eFPGA_inst.Tile_X9Y10_W2BEGb[4\]       │ eFPGA_top_i.eFPGA_inst.Tile_X8Y10_LUT4AB/W2END[4]      │ met3  │
│ 1.78  │ 5265.90  │ 2956.40  │ _0402_                                             │ _1609_/D                                               │ met4  │
│ 1.76  │ 704.51   │ 400.00   │ eFPGA_top_i.FrameData[409\]                        │ _0834_/A0                                              │ met2  │
│ 1.76  │ 704.51   │ 400.00   │ eFPGA_top_i.eFPGA_inst.Tile_X0Y9_B_I_top           │ _1728_/A                                               │ met2  │
│ 1.75  │ 701.39   │ 400.00   │ eFPGA_top_i.FrameAddressRegister[6\]               │ _0530_/A                                               │ met1  │
│ 1.75  │ 701.39   │ 400.00   │ eFPGA_top_i.FrameAddressRegister[6\]               │ _0552_/A                                               │ met1  │
│ 1.74  │ 697.36   │ 400.00   │ eFPGA_top_i.FrameData[243\]                        │ _0996_/A1                                              │ met2  │
│ 1.74  │ 697.36   │ 400.00   │ eFPGA_top_i.FrameData[463\]                        │ _1157_/A0                                              │ met2  │
│ 1.73  │ 693.54   │ 400.00   │ eFPGA_top_i.eFPGA_inst.Tile_X8Y2_E2BEG[2\]         │ eFPGA_top_i.eFPGA_inst.Tile_X9Y2_RAM_IO/E2MID[2]       │ met3  │
│ 1.72  │ 5090.67  │ 2956.40  │ _0447_                                             │ _1654_/D                                               │ met4  │
│ 1.70  │ 679.82   │ 400.00   │ eFPGA_top_i.eFPGA_inst.Tile_X8Y5_EE4BEG[10\]       │ eFPGA_top_i.eFPGA_inst.Tile_X9Y5_RAM_IO/EE4END[10]     │ met4  │
│ 1.69  │ 674.14   │ 400.00   │ eFPGA_top_i.eFPGA_inst.Tile_X0Y6_A_T_top           │ _1707_/A                                               │ met2  │
│ 1.68  │ 670.79   │ 400.00   │ eFPGA_top_i.FrameAddressRegister[7\]               │ _0576_/A                                               │ met1  │
│ 1.68  │ 670.79   │ 400.00   │ eFPGA_top_i.FrameAddressRegister[7\]               │ _0597_/A                                               │ met1  │
│ 1.68  │ 670.79   │ 400.00   │ eFPGA_top_i.FrameAddressRegister[7\]               │ _0618_/A                                               │ met1  │
│ 1.65  │ 659.03   │ 400.00   │ eFPGA_top_i.FrameData[345\]                        │ _0765_/A0                                              │ met2  │
│ 1.65  │ 659.03   │ 400.00   │ eFPGA_top_i.FrameData[383\]                        │ _0874_/A1                                              │ met2  │
│ 1.65  │ 659.03   │ 400.00   │ eFPGA_top_i.FrameData[417\]                        │ _0776_/A0                                              │ met2  │
│ 1.65  │ 659.03   │ 400.00   │ eFPGA_top_i.FrameData[418\]                        │ _0777_/A0                                              │ met2  │
│ 1.60  │ 641.75   │ 400.00   │ eFPGA_top_i.LocalWriteData[9\]                     │ _1052_/A1                                              │ met2  │
│ 1.60  │ 641.75   │ 400.00   │ eFPGA_top_i.LocalWriteData[9\]                     │ _1085_/A1                                              │ met2  │
│ 1.60  │ 641.75   │ 400.00   │ eFPGA_top_i.LocalWriteData[9\]                     │ _1118_/A0                                              │ met2  │
│ 1.60  │ 641.75   │ 400.00   │ eFPGA_top_i.LocalWriteData[9\]                     │ _1184_/A1                                              │ met2  │
│ 1.60  │ 640.49   │ 400.00   │ eFPGA_top_i.eFPGA_inst.Tile_X9Y14_W6BEG[10\]       │ eFPGA_top_i.eFPGA_inst.Tile_X8Y14_LUT4AB/W6END[10]     │ met4  │
│ 1.59  │ 636.66   │ 400.00   │ eFPGA_top_i.FrameAddressRegister[16\]              │ _0712_/A                                               │ met1  │
│ 1.59  │ 636.33   │ 400.00   │ net94                                              │ _1201_/S                                               │ met2  │
│ 1.59  │ 636.33   │ 400.00   │ net94                                              │ fanout92/A                                             │ met2  │
│ 1.59  │ 636.33   │ 400.00   │ net94                                              │ fanout93/A                                             │ met2  │
│ 1.59  │ 5706.59  │ 3593.60  │ _0466_                                             │ fanout152/A                                            │ met4  │
│ 1.59  │ 634.47   │ 400.00   │ eFPGA_top_i.FrameAddressRegister[16\]              │ _0540_/A                                               │ met1  │
│ 1.59  │ 634.47   │ 400.00   │ eFPGA_top_i.FrameAddressRegister[16\]              │ _0606_/A                                               │ met1  │
│ 1.58  │ 632.86   │ 400.00   │ eFPGA_top_i.FrameAddressRegister[4\]               │ _0594_/A                                               │ met1  │
│ 1.58  │ 632.86   │ 400.00   │ eFPGA_top_i.FrameAddressRegister[4\]               │ _0615_/A                                               │ met1  │
│ 1.58  │ 632.00   │ 400.00   │ eFPGA_top_i.eFPGA_inst.Tile_X1Y2_N2BEG[7\]         │ eFPGA_top_i.eFPGA_inst.Tile_X1Y1_LUT4AB/N2MID[7]       │ met3  │
│ 1.56  │ 623.76   │ 400.00   │ eFPGA_top_i.eFPGA_inst.Tile_X2Y1_S4BEG[13\]        │ eFPGA_top_i.eFPGA_inst.Tile_X2Y2_LUT4AB/S4END[13]      │ met3  │
│ 1.55  │ 620.69   │ 400.00   │ eFPGA_top_i.FrameData[188\]                        │ _1071_/A0                                              │ met2  │
│ 1.55  │ 618.91   │ 400.00   │ eFPGA_top_i.eFPGA_inst.Tile_X0Y14_A_I_top          │ _1719_/A                                               │ met2  │
│ 1.55  │ 618.91   │ 400.00   │ eFPGA_top_i.eFPGA_inst.Tile_X0Y14_A_T_top          │ _1691_/A                                               │ met2  │
│ 1.54  │ 616.61   │ 400.00   │ eFPGA_top_i.eFPGA_inst.Tile_X0Y3_B_T_top           │ _1712_/A                                               │ met2  │
│ 1.54  │ 614.09   │ 400.00   │ eFPGA_top_i.eFPGA_inst.Tile_X9Y5_W2BEGb[3\]        │ eFPGA_top_i.eFPGA_inst.Tile_X8Y5_LUT4AB/W2END[3]       │ met3  │
│ 1.52  │ 606.95   │ 400.00   │ net263                                             │ _0959_/A1                                              │ met2  │
│ 1.52  │ 606.95   │ 400.00   │ net263                                             │ _0993_/A0                                              │ met2  │
│ 1.52  │ 606.95   │ 400.00   │ net263                                             │ _1026_/A1                                              │ met2  │
│ 1.49  │ 597.27   │ 400.00   │ net260                                             │ _0759_/A1                                              │ met2  │
│ 1.49  │ 597.27   │ 400.00   │ net260                                             │ _0794_/A1                                              │ met2  │
│ 1.49  │ 597.27   │ 400.00   │ net260                                             │ _0828_/A1                                              │ met2  │
│ 1.49  │ 597.27   │ 400.00   │ net260                                             │ _0862_/A0                                              │ met2  │
│ 1.49  │ 595.76   │ 400.00   │ eFPGA_top_i.eFPGA_inst.Tile_X8Y6_E6BEG[10\]        │ eFPGA_top_i.eFPGA_inst.Tile_X9Y6_RAM_IO/E6END[10]      │ met3  │
│ 1.47  │ 589.85   │ 400.00   │ eFPGA_top_i.eFPGA_inst.Tile_X8Y1_S2BEG[5\]         │ eFPGA_top_i.eFPGA_inst.Tile_X8Y2_LUT4AB/S2MID[5]       │ met2  │
│ 1.47  │ 589.20   │ 400.00   │ eFPGA_top_i.FrameData[364\]                        │ _0855_/A1                                              │ met2  │
│ 1.46  │ 583.68   │ 400.00   │ eFPGA_top_i.eFPGA_inst.Tile_X0Y13_B_I_top          │ _1720_/A                                               │ met2  │
│ 1.46  │ 583.24   │ 400.00   │ eFPGA_top_i.eFPGA_inst.Tile_X8Y5_E2BEGb[5\]        │ eFPGA_top_i.eFPGA_inst.Tile_X9Y5_RAM_IO/E2END[5]       │ met3  │
│ 1.46  │ 583.00   │ 400.00   │ eFPGA_top_i.FrameData[186\]                        │ _1069_/A0                                              │ met2  │
│ 1.46  │ 583.00   │ 400.00   │ eFPGA_top_i.FrameData[431\]                        │ _0790_/A0                                              │ met2  │
│ 1.46  │ 583.00   │ 400.00   │ eFPGA_top_i.FrameData[90\]                         │ _0903_/A0                                              │ met2  │
│ 1.46  │ 582.36   │ 400.00   │ eFPGA_top_i.FrameData[174\]                        │ _1057_/A0                                              │ met2  │
│ 1.46  │ 582.36   │ 400.00   │ eFPGA_top_i.FrameData[274\]                        │ _0961_/A0                                              │ met2  │
│ 1.46  │ 582.36   │ 400.00   │ eFPGA_top_i.FrameData[289\]                        │ _0911_/A0                                              │ met2  │
│ 1.45  │ 4039.24  │ 2778.20  │ _0430_                                             │ _1637_/D                                               │ met4  │
│ 1.44  │ 575.92   │ 400.00   │ eFPGA_top_i.FrameAddressRegister[15\]              │ _0584_/A                                               │ met1  │
│ 1.44  │ 575.92   │ 400.00   │ eFPGA_top_i.FrameAddressRegister[15\]              │ _0647_/A                                               │ met1  │
│ 1.44  │ 575.44   │ 400.00   │ eFPGA_top_i.eFPGA_inst.Tile_X4Y1_S2BEG[1\]         │ eFPGA_top_i.eFPGA_inst.Tile_X4Y2_LUT4AB/S2MID[1]       │ met3  │
│ 1.43  │ 572.52   │ 400.00   │ eFPGA_top_i.LocalWriteData[31\]                    │ _1074_/A1                                              │ met4  │
│ 1.43  │ 572.52   │ 400.00   │ eFPGA_top_i.LocalWriteData[31\]                    │ _1107_/A1                                              │ met4  │
│ 1.43  │ 572.52   │ 400.00   │ eFPGA_top_i.LocalWriteData[31\]                    │ _1140_/A0                                              │ met4  │
│ 1.43  │ 572.52   │ 400.00   │ eFPGA_top_i.LocalWriteData[31\]                    │ _1206_/A1                                              │ met4  │
│ 1.43  │ 572.52   │ 400.00   │ eFPGA_top_i.LocalWriteData[31\]                    │ fanout246/A                                            │ met4  │
│ 1.43  │ 3962.16  │ 2778.20  │ eFPGA_top_i.LocalWriteData[21\]                    │ fanout257/A                                            │ met3  │
│ 1.42  │ 568.71   │ 400.00   │ eFPGA_top_i.eFPGA_inst.Tile_X9Y14_W2BEGb[0\]       │ eFPGA_top_i.eFPGA_inst.Tile_X8Y14_LUT4AB/W2END[0]      │ met3  │
│ 1.41  │ 564.19   │ 400.00   │ eFPGA_top_i.eFPGA_inst.Tile_X9Y6_W6BEG[3\]         │ eFPGA_top_i.eFPGA_inst.Tile_X8Y6_LUT4AB/W6END[3]       │ met3  │
│ 1.41  │ 563.70   │ 400.00   │ net250                                             │ _0768_/A1                                              │ met2  │
│ 1.41  │ 563.70   │ 400.00   │ net250                                             │ _0938_/A1                                              │ met2  │
│ 1.41  │ 563.70   │ 400.00   │ net250                                             │ _0971_/A1                                              │ met2  │
│ 1.41  │ 563.70   │ 400.00   │ net250                                             │ _1005_/A0                                              │ met2  │
│ 1.41  │ 562.81   │ 400.00   │ eFPGA_top_i.LocalWriteData[2\]                     │ _1111_/A0                                              │ met2  │
│ 1.41  │ 562.81   │ 400.00   │ eFPGA_top_i.LocalWriteData[2\]                     │ _1177_/A1                                              │ met2  │
│ 1.39  │ 3864.00  │ 2778.20  │ _0371_                                             │ _1578_/D                                               │ met4  │
│ 1.39  │ 4048.00  │ 2918.08  │ eFPGA_top_i.eFPGA_inst.Tile_X0Y3_B_I_top           │ _1740_/A                                               │ met4  │
│ 1.38  │ 552.63   │ 400.00   │ eFPGA_top_i.FrameData[185\]                        │ _1068_/A0                                              │ met2  │
│ 1.38  │ 552.63   │ 400.00   │ eFPGA_top_i.FrameData[223\]                        │ _1041_/A0                                              │ met2  │
│ 1.38  │ 552.63   │ 400.00   │ eFPGA_top_i.FrameData[230\]                        │ _0983_/A1                                              │ met2  │
│ 1.38  │ 552.63   │ 400.00   │ eFPGA_top_i.eFPGA_inst.Tile_X0Y14_B_I_top          │ _1718_/A                                               │ met2  │
│ 1.38  │ 552.44   │ 400.00   │ eFPGA_top_i.eFPGA_inst.Tile_X1Y2_N2BEG[6\]         │ eFPGA_top_i.eFPGA_inst.Tile_X1Y1_LUT4AB/N2MID[6]       │ met2  │
│ 1.38  │ 551.81   │ 400.00   │ net118                                             │ fanout115/A                                            │ met2  │
│ 1.38  │ 551.81   │ 400.00   │ net118                                             │ fanout116/A                                            │ met2  │
│ 1.38  │ 551.81   │ 400.00   │ net118                                             │ fanout117/A                                            │ met2  │
│ 1.37  │ 548.86   │ 400.00   │ net168                                             │ _0592_/B                                               │ met1  │
│ 1.37  │ 548.86   │ 400.00   │ net168                                             │ _0598_/B                                               │ met1  │
│ 1.37  │ 548.58   │ 400.00   │ eFPGA_top_i.eFPGA_inst.Tile_X0Y10_B_I_top          │ _1726_/A                                               │ met2  │
│ 1.36  │ 3973.32  │ 2918.08  │ eFPGA_top_i.LocalWriteData[30\]                    │ fanout247/A                                            │ met3  │
│ 1.36  │ 543.92   │ 400.00   │ eFPGA_top_i.eFPGA_inst.Tile_X8Y4_E6BEG[3\]         │ eFPGA_top_i.eFPGA_inst.Tile_X9Y4_RAM_IO/E6END[3]       │ met3  │
│ 1.35  │ 539.49   │ 400.00   │ eFPGA_top_i.FrameData[136\]                        │ eFPGA_top_i.eFPGA_inst.Tile_X0Y4_W_IO/FrameData[8]     │ met3  │
│ 1.35  │ 538.44   │ 400.00   │ eFPGA_top_i.FrameData[393\]                        │ eFPGA_top_i.eFPGA_inst.Tile_X0Y12_W_IO/FrameData[9]    │ met3  │
│ 1.34  │ 535.86   │ 400.00   │ eFPGA_top_i.eFPGA_inst.Tile_X8Y6_EE4BEG[11\]       │ eFPGA_top_i.eFPGA_inst.Tile_X9Y6_RAM_IO/EE4END[11]     │ met3  │
│ 1.34  │ 535.24   │ 400.00   │ eFPGA_top_i.LocalWriteData[30\]                    │ _1073_/A1                                              │ met3  │
│ 1.33  │ 4888.09  │ 3669.20  │ net108                                             │ fanout106/A                                            │ met4  │
│ 1.33  │ 4888.09  │ 3669.20  │ net108                                             │ fanout107/A                                            │ met4  │
│ 1.33  │ 531.83   │ 400.00   │ eFPGA_top_i.FrameData[356\]                        │ eFPGA_top_i.eFPGA_inst.Tile_X0Y11_W_IO/FrameData[4]    │ met3  │
│ 1.33  │ 530.66   │ 400.00   │ eFPGA_top_i.FrameData[382\]                        │ _0873_/A1                                              │ met2  │
│ 1.32  │ 527.02   │ 400.00   │ eFPGA_top_i.eFPGA_inst.Tile_X8Y12_EE4BEG[12\]      │ eFPGA_top_i.eFPGA_inst.Tile_X9Y12_RAM_IO/EE4END[12]    │ met3  │
│ 1.31  │ 522.25   │ 400.00   │ eFPGA_top_i.FrameData[366\]                        │ _0857_/A1                                              │ met2  │
│ 1.31  │ 522.25   │ 400.00   │ eFPGA_top_i.eFPGA_inst.Tile_X0Y12_A_I_top          │ _1723_/A                                               │ met2  │
│ 1.31  │ 522.25   │ 400.00   │ eFPGA_top_i.eFPGA_inst.Tile_X0Y3_A_T_top           │ _1713_/A                                               │ met2  │
│ 1.30  │ 520.66   │ 400.00   │ eFPGA_top_i.LocalWriteData[14\]                    │ _1090_/A1                                              │ met2  │
│ 1.30  │ 520.66   │ 400.00   │ eFPGA_top_i.LocalWriteData[14\]                    │ _1123_/A0                                              │ met2  │
│ 1.30  │ 520.66   │ 400.00   │ eFPGA_top_i.LocalWriteData[14\]                    │ _1189_/A1                                              │ met2  │
│ 1.30  │ 518.27   │ 400.00   │ eFPGA_top_i.eFPGA_inst.Tile_X8Y5_EE4BEG[10\]       │ eFPGA_top_i.eFPGA_inst.Tile_X9Y5_RAM_IO/EE4END[10]     │ met3  │
│ 1.29  │ 515.28   │ 400.00   │ net153                                             │ _0717_/B                                               │ met1  │
│ 1.28  │ 512.46   │ 400.00   │ net108                                             │ fanout107/A                                            │ met2  │
│ 1.28  │ 511.39   │ 400.00   │ net273                                             │ eFPGA_top_i.eFPGA_Config_inst/SelfWriteData[2]         │ met3  │
│ 1.28  │ 511.27   │ 400.00   │ net272                                             │ eFPGA_top_i.eFPGA_Config_inst/SelfWriteData[1]         │ met3  │
│ 1.28  │ 511.27   │ 400.00   │ eFPGA_top_i.eFPGA_inst.Tile_X8Y12_EE4BEG[11\]      │ eFPGA_top_i.eFPGA_inst.Tile_X9Y12_RAM_IO/EE4END[11]    │ met4  │
│ 1.28  │ 510.06   │ 400.00   │ eFPGA_top_i.FrameAddressRegister[8\]               │ _0554_/A                                               │ met1  │
│ 1.28  │ 510.06   │ 400.00   │ eFPGA_top_i.FrameAddressRegister[8\]               │ _0577_/A                                               │ met1  │
│ 1.27  │ 508.21   │ 400.00   │ eFPGA_top_i.eFPGA_inst.Tile_X9Y5_W6BEG[0\]         │ eFPGA_top_i.eFPGA_inst.Tile_X8Y5_LUT4AB/W6END[0]       │ met3  │
│ 1.26  │ 3513.52  │ 2778.20  │ _0266_                                             │ _1473_/D                                               │ met4  │
│ 1.26  │ 505.69   │ 400.00   │ eFPGA_top_i.FrameData[416\]                        │ _0775_/A0                                              │ met2  │
│ 1.26  │ 503.65   │ 400.00   │ eFPGA_top_i.eFPGA_inst.Tile_X9Y4_WW4BEG[10\]       │ eFPGA_top_i.eFPGA_inst.Tile_X8Y4_LUT4AB/WW4END[10]     │ met3  │
│ 1.26  │ 503.23   │ 400.00   │ eFPGA_top_i.LocalWriteData[2\]                     │ _1045_/A1                                              │ met4  │
│ 1.26  │ 503.23   │ 400.00   │ eFPGA_top_i.LocalWriteData[2\]                     │ _1078_/A1                                              │ met4  │
│ 1.26  │ 503.23   │ 400.00   │ eFPGA_top_i.LocalWriteData[2\]                     │ _1111_/A0                                              │ met4  │
│ 1.26  │ 503.23   │ 400.00   │ eFPGA_top_i.LocalWriteData[2\]                     │ _1177_/A1                                              │ met4  │
│ 1.26  │ 503.23   │ 400.00   │ eFPGA_top_i.LocalWriteData[2\]                     │ fanout248/A                                            │ met4  │
│ 1.24  │ 495.41   │ 400.00   │ eFPGA_top_i.FrameAddressRegister[12\]              │ _0602_/A                                               │ met1  │
│ 1.23  │ 491.87   │ 400.00   │ eFPGA_top_i.FrameData[125\]                        │ _1138_/A1                                              │ met2  │
│ 1.23  │ 491.87   │ 400.00   │ eFPGA_top_i.FrameData[258\]                        │ _0945_/A0                                              │ met2  │
│ 1.22  │ 488.00   │ 400.00   │ eFPGA_top_i.eFPGA_inst.Tile_X8Y6_E6BEG[11\]        │ eFPGA_top_i.eFPGA_inst.Tile_X9Y6_RAM_IO/E6END[11]      │ met3  │
│ 1.22  │ 3550.78  │ 2918.08  │ eFPGA_top_i.eFPGA_inst.Tile_X5Y2_N4BEG[11\]        │ eFPGA_top_i.eFPGA_inst.Tile_X5Y1_LUT4AB/N4END[11]      │ met4  │
│ 1.21  │ 483.66   │ 400.00   │ eFPGA_top_i.FrameAddressRegister[4\]               │ _0528_/A                                               │ met3  │
│ 1.21  │ 483.66   │ 400.00   │ eFPGA_top_i.FrameAddressRegister[4\]               │ _0550_/A                                               │ met3  │
│ 1.21  │ 483.66   │ 400.00   │ eFPGA_top_i.FrameAddressRegister[4\]               │ _0573_/A                                               │ met3  │
│ 1.21  │ 483.66   │ 400.00   │ eFPGA_top_i.FrameAddressRegister[4\]               │ _0594_/A                                               │ met3  │
│ 1.21  │ 483.66   │ 400.00   │ eFPGA_top_i.FrameAddressRegister[4\]               │ _0615_/A                                               │ met3  │
│ 1.21  │ 483.66   │ 400.00   │ eFPGA_top_i.FrameAddressRegister[4\]               │ _0636_/A                                               │ met3  │
│ 1.21  │ 483.66   │ 400.00   │ eFPGA_top_i.FrameAddressRegister[4\]               │ _0658_/A                                               │ met3  │
│ 1.21  │ 483.66   │ 400.00   │ eFPGA_top_i.FrameAddressRegister[4\]               │ _0679_/A                                               │ met3  │
│ 1.21  │ 483.66   │ 400.00   │ eFPGA_top_i.FrameAddressRegister[4\]               │ _0700_/A                                               │ met3  │
│ 1.21  │ 483.66   │ 400.00   │ eFPGA_top_i.FrameAddressRegister[4\]               │ _0721_/A                                               │ met3  │
│ 1.20  │ 478.57   │ 400.00   │ eFPGA_top_i.eFPGA_inst.Tile_X8Y12_E6BEG[3\]        │ eFPGA_top_i.eFPGA_inst.Tile_X9Y12_RAM_IO/E6END[3]      │ met3  │
│ 1.19  │ 476.00   │ 400.00   │ eFPGA_top_i.eFPGA_inst.Tile_X8Y13_E6BEG[5\]        │ eFPGA_top_i.eFPGA_inst.Tile_X9Y13_RAM_IO/E6END[5]      │ met3  │
│ 1.19  │ 474.09   │ 400.00   │ eFPGA_top_i.FrameData[471\]                        │ _1165_/A0                                              │ met2  │
│ 1.18  │ 470.82   │ 400.00   │ eFPGA_top_i.eFPGA_inst.Tile_X8Y10_FrameData_O[10\] │ eFPGA_top_i.eFPGA_inst.Tile_X9Y10_RAM_IO/FrameData[10] │ met3  │
│ 1.17  │ 3882.00  │ 3312.80  │ _0080_                                             │ _1287_/D                                               │ met2  │
│ 1.15  │ 459.31   │ 400.00   │ eFPGA_top_i.eFPGA_inst.Tile_X9Y13_W2BEGb[6\]       │ eFPGA_top_i.eFPGA_inst.Tile_X8Y13_LUT4AB/W2END[6]      │ met3  │
│ 1.15  │ 458.23   │ 400.00   │ net260                                             │ _0929_/A1                                              │ met2  │
│ 1.15  │ 458.23   │ 400.00   │ net260                                             │ _0962_/A1                                              │ met2  │
│ 1.15  │ 458.23   │ 400.00   │ net260                                             │ _0996_/A0                                              │ met2  │
│ 1.15  │ 458.23   │ 400.00   │ net260                                             │ _1029_/A1                                              │ met2  │
│ 1.14  │ 455.08   │ 400.00   │ net274                                             │ eFPGA_top_i.eFPGA_Config_inst/SelfWriteData[3]         │ met3  │
│ 1.14  │ 3767.00  │ 3312.80  │ _0328_                                             │ _1535_/D                                               │ met2  │
│ 1.14  │ 454.74   │ 400.00   │ eFPGA_top_i.eFPGA_inst.Tile_X9Y9_FAB2RAM_D1_O0     │ eFPGA_top_i.Inst_BlockRAM_2/wr_data[20]                │ met3  │
│ 1.13  │ 451.72   │ 400.00   │ eFPGA_top_i.eFPGA_inst.Tile_X9Y3_FAB2RAM_D1_O0     │ eFPGA_top_i.Inst_BlockRAM_5/wr_data[20]                │ met3  │
│ 1.12  │ 4024.21  │ 3593.60  │ _0477_                                             │ fanout125/A                                            │ met2  │
│ 1.12  │ 447.05   │ 400.00   │ _0004_                                             │ _1211_/D                                               │ met3  │
│ 1.11  │ 444.28   │ 400.00   │ eFPGA_top_i.eFPGA_inst.Tile_X9Y1_FAB2RAM_D0_O0     │ eFPGA_top_i.Inst_BlockRAM_6/wr_data[16]                │ met3  │
│ 1.09  │ 437.17   │ 400.00   │ eFPGA_top_i.FrameData[476\]                        │ _1170_/A0                                              │ met1  │
│ 1.09  │ 436.24   │ 400.00   │ eFPGA_top_i.eFPGA_inst.Tile_X8Y14_FrameData_O[13\] │ eFPGA_top_i.eFPGA_inst.Tile_X9Y14_RAM_IO/FrameData[13] │ met3  │
│ 1.09  │ 3015.89  │ 2778.20  │ eFPGA_top_i.LocalWriteData[18\]                    │ _1061_/A1                                              │ met3  │
│ 1.09  │ 3015.89  │ 2778.20  │ eFPGA_top_i.LocalWriteData[18\]                    │ _1094_/A1                                              │ met3  │
│ 1.09  │ 3015.89  │ 2778.20  │ eFPGA_top_i.LocalWriteData[18\]                    │ fanout261/A                                            │ met3  │
│ 1.08  │ 433.61   │ 400.00   │ eFPGA_top_i.eFPGA_inst.Tile_X9Y13_FAB2RAM_D1_O0    │ eFPGA_top_i.Inst_BlockRAM_0/wr_data[20]                │ met3  │
│ 1.08  │ 431.12   │ 400.00   │ eFPGA_top_i.eFPGA_inst.Tile_X0Y13_A_I_top          │ _1721_/A                                               │ met2  │
│ 1.08  │ 430.59   │ 400.00   │ eFPGA_top_i.eFPGA_inst.Tile_X9Y7_FAB2RAM_D1_O0     │ eFPGA_top_i.Inst_BlockRAM_3/wr_data[20]                │ met3  │
│ 1.07  │ 429.03   │ 400.00   │ eFPGA_top_i.FrameData[403\]                        │ _0828_/A0                                              │ met2  │
│ 1.07  │ 428.57   │ 400.00   │ eFPGA_top_i.eFPGA_inst.Tile_X9Y2_WW4BEG[3\]        │ eFPGA_top_i.eFPGA_inst.Tile_X8Y2_LUT4AB/WW4END[3]      │ met3  │
│ 1.07  │ 428.48   │ 400.00   │ eFPGA_top_i.FrameAddressRegister[29\]              │ _0521_/A                                               │ met3  │
│ 1.07  │ 428.48   │ 400.00   │ eFPGA_top_i.FrameAddressRegister[29\]              │ _0566_/D_N                                             │ met3  │
│ 1.07  │ 428.48   │ 400.00   │ eFPGA_top_i.FrameAddressRegister[29\]              │ _0652_/A                                               │ met3  │
│ 1.06  │ 425.93   │ 400.00   │ eFPGA_top_i.eFPGA_inst.Tile_X8Y12_EE4BEG[11\]      │ eFPGA_top_i.eFPGA_inst.Tile_X9Y12_RAM_IO/EE4END[11]    │ met3  │
│ 1.06  │ 423.61   │ 400.00   │ eFPGA_top_i.eFPGA_inst.Tile_X9Y7_WW4BEG[10\]       │ eFPGA_top_i.eFPGA_inst.Tile_X8Y7_LUT4AB/WW4END[10]     │ met3  │
│ 1.06  │ 422.30   │ 400.00   │ eFPGA_top_i.eFPGA_inst.Tile_X5Y1_S4BEG[6\]         │ eFPGA_top_i.eFPGA_inst.Tile_X5Y2_LUT4AB/S4END[6]       │ met2  │
│ 1.06  │ 3119.22  │ 2956.40  │ _0390_                                             │ _1597_/D                                               │ met2  │
│ 1.05  │ 419.94   │ 400.00   │ eFPGA_top_i.eFPGA_inst.Tile_X0Y3_B_I_top           │ _1740_/A                                               │ met3  │
│ 1.04  │ 3077.00  │ 2956.40  │ _0315_                                             │ _1522_/D                                               │ met2  │
│ 1.04  │ 3077.00  │ 2956.40  │ _0393_                                             │ _1600_/D                                               │ met2  │
│ 1.03  │ 413.57   │ 400.00   │ eFPGA_top_i.FrameData[275\]                        │ _0962_/A0                                              │ met2  │
│ 1.03  │ 412.52   │ 400.00   │ eFPGA_top_i.eFPGA_inst.Tile_X0Y2_A_T_top           │ _1715_/A                                               │ met2  │
│ 1.03  │ 410.42   │ 400.00   │ eFPGA_top_i.eFPGA_inst.Tile_X8Y11_EE4BEG[11\]      │ eFPGA_top_i.eFPGA_inst.Tile_X9Y11_RAM_IO/EE4END[11]    │ met3  │
│ 1.01  │ 405.37   │ 400.00   │ eFPGA_top_i.FrameData[458\]                        │ _1152_/A0                                              │ met1  │
│ 1.01  │ 2812.57  │ 2778.20  │ _0293_                                             │ _1500_/D                                               │ met4  │
│ 1.01  │ 403.67   │ 400.00   │ eFPGA_top_i.FrameAddressRegister[9\]               │ _0533_/A                                               │ met1  │
│ 1.01  │ 403.67   │ 400.00   │ eFPGA_top_i.FrameAddressRegister[9\]               │ _0555_/A                                               │ met1  │
│ 1.00  │ 400.74   │ 400.00   │ eFPGA_top_i.FrameData[300\]                        │ _0922_/A0                                              │ met2  │
└───────┴──────────┴──────────┴────────────────────────────────────────────────────┴────────────────────────────────────────────────────────┴───────┘
