Clock: clk
Sources: 
Generated: no
Virtual: yes
Propagated: no
Period: 40.000000

===========================================================================
report_clock_properties
============================================================================
Clock                   Period          Waveform
----------------------------------------------------
clk                  40.000000    0.000000 20.000000

===========================================================================
report_clock_latency
============================================================================
Clock clk


===========================================================================
report_clock_min_period
============================================================================
clk period_min = 0.00 fmax = inf
Clock: jtag_clk
Sources: 
Generated: no
Virtual: yes
Propagated: no
Period: 200.000000

===========================================================================
report_clock_properties
============================================================================
Clock                   Period          Waveform
----------------------------------------------------
jtag_clk            200.000000    0.000000100.000000

===========================================================================
report_clock_latency
============================================================================
Clock jtag_clk


===========================================================================
report_clock_min_period
============================================================================
jtag_clk period_min = 0.00 fmax = inf
