
===========================================================================
 report_power
============================================================================
======================= nom_ss_100C_1v60 Corner ===================================

Group                    Internal    Switching      Leakage        Total
                            Power        Power        Power        Power (Watts)
------------------------------------------------------------------------
Sequential           6.101643e-12 1.586898e-12 6.907778e-06 6.907786e-06  63.2%
Combinational        2.186088e-12 6.108378e-13 4.014567e-06 4.014570e-06  36.8%
Clock                0.000000e+00 0.000000e+00 0.000000e+00 0.000000e+00   0.0%
Macro                0.000000e+00 0.000000e+00 0.000000e+00 0.000000e+00   0.0%
Pad                  0.000000e+00 0.000000e+00 0.000000e+00 0.000000e+00   0.0%
------------------------------------------------------------------------
Total                8.287726e-12 2.197737e-12 1.092239e-05 1.092240e-05 100.0%
                             0.0%         0.0%       100.0%

