                                                                        Cells by Master                                                                         
┏━━━━━━━━━━━━━━━━━━━━━━━━━━━━━━━━━━━━━━━━━━━━━━━━━━━━━━━━━━━━━━━━━━━━━━━━━━━━━━━━━━━━━━━━━━━━━━━━━━━━━━━━━━━━━━━━━━━━━━━━━━━━━━━━━━┳━━━━━━━━━━━━━━━━━━━━━━━━━━━┓
┃ Cell                                                                                                                             ┃ Count                     ┃
┡━━━━━━━━━━━━━━━━━━━━━━━━━━━━━━━━━━━━━━━━━━━━━━━━━━━━━━━━━━━━━━━━━━━━━━━━━━━━━━━━━━━━━━━━━━━━━━━━━━━━━━━━━━━━━━━━━━━━━━━━━━━━━━━━━━╇━━━━━━━━━━━━━━━━━━━━━━━━━━━┩
│ BlockRAM_1KB                                                                                                                     │ 7                         │
│ DSP                                                                                                                              │ 7                         │
│ LUT4AB                                                                                                                           │ 84                        │
│ N_term_DSP                                                                                                                       │ 1                         │
│ N_term_RAM_IO                                                                                                                    │ 1                         │
│ N_term_single                                                                                                                    │ 6                         │
│ N_term_single2                                                                                                                   │ 1                         │
│ RAM_IO                                                                                                                           │ 14                        │
│ RegFile                                                                                                                          │ 14                        │
│ S_term_DSP                                                                                                                       │ 1                         │
│ S_term_RAM_IO                                                                                                                    │ 1                         │
│ S_term_single                                                                                                                    │ 6                         │
│ S_term_single2                                                                                                                   │ 1                         │
│ W_IO                                                                                                                             │ 14                        │
│ eFPGA_Config                                                                                                                     │ 1                         │
│ sky130_ef_sc_hd__decap_40_12                                                                                                     │ 53559                     │
│ sky130_fd_sc_hd__and2_1                                                                                                          │ 89                        │
│ sky130_fd_sc_hd__and2_2                                                                                                          │ 94                        │
│ sky130_fd_sc_hd__and2_4                                                                                                          │ 17                        │
│ sky130_fd_sc_hd__and3b_4                                                                                                         │ 1                         │
│ sky130_fd_sc_hd__buf_1                                                                                                           │ 20                        │
│ sky130_fd_sc_hd__buf_12                                                                                                          │ 100                       │
│ sky130_fd_sc_hd__buf_2                                                                                                           │ 26                        │
│ sky130_fd_sc_hd__buf_4                                                                                                           │ 29                        │
│ sky130_fd_sc_hd__buf_6                                                                                                           │ 3                         │
│ sky130_fd_sc_hd__buf_8                                                                                                           │ 2                         │
│ sky130_fd_sc_hd__clkbuf_16                                                                                                       │ 2                         │
│ sky130_fd_sc_hd__clkbuf_2                                                                                                        │ 73                        │
│ sky130_fd_sc_hd__clkbuf_4                                                                                                        │ 41                        │
│ sky130_fd_sc_hd__clkbuf_8                                                                                                        │ 13                        │
│ sky130_fd_sc_hd__conb_1                                                                                                          │ 35                        │
│ sky130_fd_sc_hd__decap_3                                                                                                         │ 5176                      │
│ sky130_fd_sc_hd__dfxtp_1                                                                                                         │ 155                       │
│ sky130_fd_sc_hd__dfxtp_2                                                                                                         │ 243                       │
│ sky130_fd_sc_hd__dfxtp_4                                                                                                         │ 50                        │
│ sky130_fd_sc_hd__diode_2                                                                                                         │ 1100                      │
│ sky130_fd_sc_hd__dlymetal6s2s_1                                                                                                  │ 17                        │
│ sky130_fd_sc_hd__fill_1                                                                                                          │ 15382                     │
│ sky130_fd_sc_hd__fill_2                                                                                                          │ 13611                     │
│ sky130_fd_sc_hd__fill_4                                                                                                          │ 12337                     │
│ sky130_fd_sc_hd__fill_8                                                                                                          │ 1500                      │
│ sky130_fd_sc_hd__mux2_1                                                                                                          │ 280                       │
│ sky130_fd_sc_hd__mux2_2                                                                                                          │ 131                       │
│ sky130_fd_sc_hd__mux2_4                                                                                                          │ 35                        │
│ sky130_fd_sc_hd__mux2_8                                                                                                          │ 2                         │
│ sky130_fd_sc_hd__nand2_8                                                                                                         │ 2                         │
│ sky130_fd_sc_hd__nand2b_4                                                                                                        │ 4                         │
│ sky130_fd_sc_hd__nand3b_4                                                                                                        │ 1                         │
│ sky130_fd_sc_hd__nor2_2                                                                                                          │ 4                         │
│ sky130_fd_sc_hd__nor2_4                                                                                                          │ 2                         │
│ sky130_fd_sc_hd__nor2_8                                                                                                          │ 13                        │
│ sky130_fd_sc_hd__nor3b_1                                                                                                         │ 1                         │
│ sky130_fd_sc_hd__nor3b_4                                                                                                         │ 1                         │
│ sky130_fd_sc_hd__or2_4                                                                                                           │ 2                         │
│ sky130_fd_sc_hd__or3_4                                                                                                           │ 1                         │
│ sky130_fd_sc_hd__or3b_1                                                                                                          │ 1                         │
│ sky130_fd_sc_hd__or3b_4                                                                                                          │ 2                         │
│ sky130_fd_sc_hd__or4b_4                                                                                                          │ 1                         │
│ sky130_fd_sc_hd__or4bb_4                                                                                                         │ 2                         │
│ sky130_fd_sc_hd__tapvpwrvgnd_1                                                                                                   │ 13483                     │
└──────────────────────────────────────────────────────────────────────────────────────────────────────────────────────────────────┴───────────────────────────┘
