                                                                       Cells by Function                                                                        
┏━━━━━━━━━━━━━━━━━━━━━━━━━━━━━━━━━━━━━━━━━━━━━━━━━━━━━━━━━━━━━━━━━━━━━━━━━━━━━━━━━━━━━━━━━━━━━━━━━━━━━━━━━━━━━━━━━━━━━━━━━━━━━━━━━┳━━━━━━━━━━━━━━━━━━━━━━━━━━━━┓
┃ Cell Function                                                                                                                   ┃ Count                      ┃
┡━━━━━━━━━━━━━━━━━━━━━━━━━━━━━━━━━━━━━━━━━━━━━━━━━━━━━━━━━━━━━━━━━━━━━━━━━━━━━━━━━━━━━━━━━━━━━━━━━━━━━━━━━━━━━━━━━━━━━━━━━━━━━━━━━╇━━━━━━━━━━━━━━━━━━━━━━━━━━━━┩
│ sky130_ef_sc_hd__decap_40                                                                                                       │ 53559                      │
│ sky130_fd_sc_hd__and2                                                                                                           │ 200                        │
│ sky130_fd_sc_hd__and3b                                                                                                          │ 1                          │
│ sky130_fd_sc_hd__buf                                                                                                            │ 180                        │
│ sky130_fd_sc_hd__clkbuf                                                                                                         │ 129                        │
│ sky130_fd_sc_hd__conb                                                                                                           │ 35                         │
│ sky130_fd_sc_hd__decap                                                                                                          │ 5176                       │
│ sky130_fd_sc_hd__dfxtp                                                                                                          │ 448                        │
│ sky130_fd_sc_hd__diode                                                                                                          │ 1100                       │
│ sky130_fd_sc_hd__dlymetal6s2s                                                                                                   │ 17                         │
│ sky130_fd_sc_hd__fill                                                                                                           │ 42830                      │
│ sky130_fd_sc_hd__mux2                                                                                                           │ 448                        │
│ sky130_fd_sc_hd__nand2                                                                                                          │ 2                          │
│ sky130_fd_sc_hd__nand2b                                                                                                         │ 4                          │
│ sky130_fd_sc_hd__nand3b                                                                                                         │ 1                          │
│ sky130_fd_sc_hd__nor2                                                                                                           │ 19                         │
│ sky130_fd_sc_hd__nor3b                                                                                                          │ 2                          │
│ sky130_fd_sc_hd__or2                                                                                                            │ 2                          │
│ sky130_fd_sc_hd__or3                                                                                                            │ 1                          │
│ sky130_fd_sc_hd__or3b                                                                                                           │ 3                          │
│ sky130_fd_sc_hd__or4b                                                                                                           │ 1                          │
│ sky130_fd_sc_hd__or4bb                                                                                                          │ 2                          │
│ sky130_fd_sc_hd__tapvpwrvgnd                                                                                                    │ 13483                      │
└─────────────────────────────────────────────────────────────────────────────────────────────────────────────────────────────────┴────────────────────────────┘
