
===========================================================================
 report_power
============================================================================
======================= max_ff_n40C_1v95 Corner ===================================

Group                    Internal    Switching      Leakage        Total
                            Power        Power        Power        Power (Watts)
------------------------------------------------------------------------
Sequential           8.704379e-12 2.711551e-11 7.788719e-09 7.824539e-09  17.5%
Combinational        5.171699e-12 2.279124e-11 1.713624e-08 1.716420e-08  38.4%
Clock                -3.050591e-16 0.000000e+00 1.968769e-08 1.968769e-08  44.1%
Macro                0.000000e+00 0.000000e+00 0.000000e+00 0.000000e+00   0.0%
Pad                  0.000000e+00 0.000000e+00 0.000000e+00 0.000000e+00   0.0%
------------------------------------------------------------------------
Total                1.387577e-11 4.990683e-11 4.461296e-08 4.467674e-08 100.0%
                             0.0%         0.1%        99.9%

