
===========================================================================
 report_power
============================================================================
======================= min_ff_n40C_1v95 Corner ===================================

Group                    Internal    Switching      Leakage        Total
                            Power        Power        Power        Power (Watts)
------------------------------------------------------------------------
Sequential           1.583076e-04 0.000000e+00 1.438149e-09 1.583090e-04  50.1%
Combinational        2.992353e-06 8.371354e-06 6.546703e-09 1.137025e-05   3.6%
Clock                8.536959e-05 6.113182e-05 1.042946e-08 1.465118e-04  46.3%
Macro                0.000000e+00 0.000000e+00 0.000000e+00 0.000000e+00   0.0%
Pad                  0.000000e+00 0.000000e+00 0.000000e+00 0.000000e+00   0.0%
------------------------------------------------------------------------
Total                2.466695e-04 6.950317e-05 1.841438e-08 3.161911e-04 100.0%
                            78.0%        22.0%         0.0%

