
===========================================================================
 report_power
============================================================================
======================= max_tt_025C_1v80 Corner ===================================

Group                    Internal    Switching      Leakage        Total
                            Power        Power        Power        Power (Watts)
------------------------------------------------------------------------
Sequential           7.643279e-12 2.308112e-11 3.805908e-09 3.836633e-09  14.8%
Combinational        4.323974e-12 1.938307e-11 5.216816e-09 5.240524e-09  20.3%
Clock                -1.781064e-16 0.000000e+00 1.677665e-08 1.677665e-08  64.9%
Macro                0.000000e+00 0.000000e+00 0.000000e+00 0.000000e+00   0.0%
Pad                  0.000000e+00 0.000000e+00 0.000000e+00 0.000000e+00   0.0%
------------------------------------------------------------------------
Total                1.196707e-11 4.246419e-11 2.579954e-08 2.585397e-08 100.0%
                             0.0%         0.2%        99.8%

