
56. Executing PROC_DLATCH pass (convert process syncs to latches).
No latch inferred for signal `$paramod$07a76cb8f206e816f1c6d5d478c16467ad9de809\Frame_Select.\FrameStrobe_O' from process `$paramod$07a76cb8f206e816f1c6d5d478c16467ad9de809\Frame_Select.$proc$/mnt/vault0/rsunketa/openframe_user_project/efpga_core/verilog/rtl/Fabric/Frame_Select.v:16$10'.
No latch inferred for signal `$paramod$7070fbbcfebb2cda5ee2ef5af6601adf93d82ad1\Frame_Select.\FrameStrobe_O' from process `$paramod$7070fbbcfebb2cda5ee2ef5af6601adf93d82ad1\Frame_Select.$proc$/mnt/vault0/rsunketa/openframe_user_project/efpga_core/verilog/rtl/Fabric/Frame_Select.v:16$7'.
No latch inferred for signal `$paramod$21bcffd8d849e9ce6b44d6f7e5f49dbf4675262b\Frame_Select.\FrameStrobe_O' from process `$paramod$21bcffd8d849e9ce6b44d6f7e5f49dbf4675262b\Frame_Select.$proc$/mnt/vault0/rsunketa/openframe_user_project/efpga_core/verilog/rtl/Fabric/Frame_Select.v:16$4'.
No latch inferred for signal `$paramod$b2ecbc93265e0b38e6705929c427180b82d8ff71\Frame_Select.\FrameStrobe_O' from process `$paramod$b2ecbc93265e0b38e6705929c427180b82d8ff71\Frame_Select.$proc$/mnt/vault0/rsunketa/openframe_user_project/efpga_core/verilog/rtl/Fabric/Frame_Select.v:16$1'.
No latch inferred for signal `$paramod$e8fd28e07f6b2cf0a01ced161b1208605273f67d\Frame_Select.\FrameStrobe_O' from process `$paramod$e8fd28e07f6b2cf0a01ced161b1208605273f67d\Frame_Select.$proc$/mnt/vault0/rsunketa/openframe_user_project/efpga_core/verilog/rtl/Fabric/Frame_Select.v:16$13'.
No latch inferred for signal `$paramod$743c767e021754d8d83130b63b4b41a17bbe39e7\Frame_Select.\FrameStrobe_O' from process `$paramod$743c767e021754d8d83130b63b4b41a17bbe39e7\Frame_Select.$proc$/mnt/vault0/rsunketa/openframe_user_project/efpga_core/verilog/rtl/Fabric/Frame_Select.v:16$28'.
No latch inferred for signal `$paramod$141cb76be0898c01084159e2335f46b918d15cd3\Frame_Select.\FrameStrobe_O' from process `$paramod$141cb76be0898c01084159e2335f46b918d15cd3\Frame_Select.$proc$/mnt/vault0/rsunketa/openframe_user_project/efpga_core/verilog/rtl/Fabric/Frame_Select.v:16$25'.
No latch inferred for signal `$paramod$0d66c9fb5383fba3598980af4524c2666568063b\Frame_Select.\FrameStrobe_O' from process `$paramod$0d66c9fb5383fba3598980af4524c2666568063b\Frame_Select.$proc$/mnt/vault0/rsunketa/openframe_user_project/efpga_core/verilog/rtl/Fabric/Frame_Select.v:16$22'.
No latch inferred for signal `$paramod$ec1a7a34f97034bbedfea577ec005ac7f2972002\Frame_Select.\FrameStrobe_O' from process `$paramod$ec1a7a34f97034bbedfea577ec005ac7f2972002\Frame_Select.$proc$/mnt/vault0/rsunketa/openframe_user_project/efpga_core/verilog/rtl/Fabric/Frame_Select.v:16$19'.
No latch inferred for signal `$paramod$a7777ea750bba6d0a09cda34c12ee574f2a3a0b4\Frame_Select.\FrameStrobe_O' from process `$paramod$a7777ea750bba6d0a09cda34c12ee574f2a3a0b4\Frame_Select.$proc$/mnt/vault0/rsunketa/openframe_user_project/efpga_core/verilog/rtl/Fabric/Frame_Select.v:16$16'.
