149. Printing statistics.

=== efpga_core ===

   Number of wires:              34756
   Number of wire bits:          34837
   Number of public wires:       34235
   Number of public wire bits:   34316
   Number of ports:                  8
   Number of port bits:             89
   Number of memories:               0
   Number of memory bits:            0
   Number of processes:              0
   Number of cells:               1384
     BlockRAM_1KB                    7
     DSP                             7
     LUT4AB                         84
     N_term_DSP                      1
     N_term_RAM_IO                   1
     N_term_single                   6
     N_term_single2                  1
     RAM_IO                         14
     RegFile                        14
     S_term_DSP                      1
     S_term_RAM_IO                   1
     S_term_single                   6
     S_term_single2                  1
     W_IO                           14
     eFPGA_Config                    1
     sky130_fd_sc_hd__and2_2       200
     sky130_fd_sc_hd__and3b_2        1
     sky130_fd_sc_hd__buf_2         56
     sky130_fd_sc_hd__conb_1        35
     sky130_fd_sc_hd__dfxtp_2      448
     sky130_fd_sc_hd__mux2_1       448
     sky130_fd_sc_hd__nand2_2        2
     sky130_fd_sc_hd__nand2b_2       4
     sky130_fd_sc_hd__nand3b_2       1
     sky130_fd_sc_hd__nor2_2        19
     sky130_fd_sc_hd__nor3b_2        2
     sky130_fd_sc_hd__or2_2          2
     sky130_fd_sc_hd__or3_2          1
     sky130_fd_sc_hd__or3b_2         3
     sky130_fd_sc_hd__or4b_2         1
     sky130_fd_sc_hd__or4bb_2        2

   Area for cell type \S_term_single2 is unknown!
   Area for cell type \BlockRAM_1KB is unknown!
   Area for cell type \W_IO is unknown!
   Area for cell type \DSP is unknown!
   Area for cell type \LUT4AB is unknown!
   Area for cell type \N_term_DSP is unknown!
   Area for cell type \N_term_RAM_IO is unknown!
   Area for cell type \N_term_single is unknown!
   Area for cell type \N_term_single2 is unknown!
   Area for cell type \RAM_IO is unknown!
   Area for cell type \RegFile is unknown!
   Area for cell type \S_term_DSP is unknown!
   Area for cell type \S_term_RAM_IO is unknown!
   Area for cell type \S_term_single is unknown!
   Area for cell type \eFPGA_Config is unknown!

   Chip area for module '\efpga_core': 16781.094400
     of which used for sequential elements: 9529.139200 (56.78%)

