
===========================================================================
 report_power
============================================================================
======================= max_ss_100C_1v60 Corner ===================================

Group                    Internal    Switching      Leakage        Total
                            Power        Power        Power        Power (Watts)
------------------------------------------------------------------------
Sequential           1.042519e-04 0.000000e+00 1.540499e-06 1.057924e-04  48.1%
Combinational        1.943944e-06 5.875676e-06 2.728442e-06 1.054806e-05   4.8%
Clock                6.093836e-05 4.250843e-05 2.257874e-07 1.036726e-04  47.1%
Macro                0.000000e+00 0.000000e+00 0.000000e+00 0.000000e+00   0.0%
Pad                  0.000000e+00 0.000000e+00 0.000000e+00 0.000000e+00   0.0%
------------------------------------------------------------------------
Total                1.671343e-04 4.838410e-05 4.494712e-06 2.200131e-04 100.0%
                            76.0%        22.0%         2.0%

