Clock: wb_clk_i
Sources: wb_clk_i 
Generated: no
Virtual: yes
Propagated: no
Period: 25.000000

===========================================================================
report_clock_properties
============================================================================
Clock                   Period          Waveform
----------------------------------------------------
wb_clk_i             25.000000    0.000000 12.500000

===========================================================================
report_clock_latency
============================================================================
Clock wb_clk_i
rise -> rise
    min     max
0.000000 0.000000 source latency
1.749944         network latency _714_/CLK
        1.758660 network latency _706_/CLK
---------------
1.749944 1.758660 latency
        0.008716 skew

fall -> fall
    min     max
0.000000 0.000000 source latency
1.382526         network latency _714_/CLK
        1.390348 network latency _706_/CLK
---------------
1.382526 1.390348 latency
        0.007822 skew



===========================================================================
report_clock_min_period
============================================================================
wb_clk_i period_min = 7.79 fmax = 128.32
