
===========================================================================
 report_power
============================================================================
======================= min_ss_100C_1v60 Corner ===================================

Group                    Internal    Switching      Leakage        Total
                            Power        Power        Power        Power (Watts)
------------------------------------------------------------------------
Sequential           1.044232e-04 0.000000e+00 1.540499e-06 1.059637e-04  48.9%
Combinational        1.944508e-06 5.496867e-06 2.728442e-06 1.016982e-05   4.7%
Clock                6.078076e-05 3.965774e-05 2.257874e-07 1.006643e-04  46.4%
Macro                0.000000e+00 0.000000e+00 0.000000e+00 0.000000e+00   0.0%
Pad                  0.000000e+00 0.000000e+00 0.000000e+00 0.000000e+00   0.0%
------------------------------------------------------------------------
Total                1.671485e-04 4.515460e-05 4.494712e-06 2.167978e-04 100.0%
                            77.1%        20.8%         2.1%

