
===========================================================================
 report_power
============================================================================
======================= min_tt_025C_1v80 Corner ===================================

Group                    Internal    Switching      Leakage        Total
                            Power        Power        Power        Power (Watts)
------------------------------------------------------------------------
Sequential           1.359812e-04 0.000000e+00 1.133387e-09 1.359824e-04  50.2%
Combinational        2.408937e-06 7.149653e-06 2.566231e-09 9.561158e-06   3.5%
Clock                7.433439e-05 5.122020e-05 8.426470e-09 1.255630e-04  46.3%
Macro                0.000000e+00 0.000000e+00 0.000000e+00 0.000000e+00   0.0%
Pad                  0.000000e+00 0.000000e+00 0.000000e+00 0.000000e+00   0.0%
------------------------------------------------------------------------
Total                2.127245e-04 5.836986e-05 1.212615e-08 2.711065e-04 100.0%
                            78.5%        21.5%         0.0%

