┏━━━━━━━━━━━━━━━━━━━━━━┳━━━━━━━━━━┳━━━━━━━━━━┳━━━━━━━━━━┳━━━━━━━━━━┳━━━━━━━━━━━┳━━━━━━━━━━┳━━━━━━━━━━━┳━━━━━━━━━━┳━━━━━━━━━━━┳━━━━━━━━━━┳━━━━━━━━━━━┳━━━━━━━━━━┓
┃                      ┃ Hold     ┃ Reg to   ┃          ┃          ┃ of which  ┃ Setup    ┃           ┃          ┃           ┃ of which ┃           ┃          ┃
┃                      ┃ Worst    ┃ Reg      ┃          ┃ Hold Vio ┃ reg to    ┃ Worst    ┃ Reg to    ┃ Setup    ┃ Setup Vio ┃ reg to   ┃ Max Cap   ┃ Max Slew ┃
┃ Corner/Group         ┃ Slack    ┃ Paths    ┃ Hold TNS ┃ Count    ┃ reg       ┃ Slack    ┃ Reg Paths ┃ TNS      ┃ Count     ┃ reg      ┃ Violatio… ┃ Violati… ┃
┡━━━━━━━━━━━━━━━━━━━━━━╇━━━━━━━━━━╇━━━━━━━━━━╇━━━━━━━━━━╇━━━━━━━━━━╇━━━━━━━━━━━╇━━━━━━━━━━╇━━━━━━━━━━━╇━━━━━━━━━━╇━━━━━━━━━━━╇━━━━━━━━━━╇━━━━━━━━━━━╇━━━━━━━━━━┩
│ Overall              │ 0.4331   │ 0.4331   │ 0.0000   │ 0        │ 0         │ 12.7708  │ 17.1273   │ 0.0000   │ 0         │ 0        │ 0         │ 3        │
│ nom_tt_025C_1v80     │ 0.8180   │ 0.8180   │ 0.0000   │ 0        │ 0         │ 16.1590  │ 21.1258   │ 0.0000   │ 0         │ 0        │ 0         │ 0        │
│ nom_ss_100C_1v60     │ 1.8357   │ 1.8357   │ 0.0000   │ 0        │ 0         │ 13.0037  │ 17.1706   │ 0.0000   │ 0         │ 0        │ 0         │ 3        │
│ nom_ff_n40C_1v95     │ 0.4397   │ 0.4397   │ 0.0000   │ 0        │ 0         │ 17.3978  │ 22.3610   │ 0.0000   │ 0         │ 0        │ 0         │ 0        │
│ min_tt_025C_1v80     │ 0.8133   │ 0.8133   │ 0.0000   │ 0        │ 0         │ 16.2676  │ 21.1434   │ 0.0000   │ 0         │ 0        │ 0         │ 0        │
│ min_ss_100C_1v60     │ 1.8319   │ 1.8319   │ 0.0000   │ 0        │ 0         │ 13.1749  │ 17.2070   │ 0.0000   │ 0         │ 0        │ 0         │ 3        │
│ min_ff_n40C_1v95     │ 0.4331   │ 0.4331   │ 0.0000   │ 0        │ 0         │ 17.4814  │ 22.3732   │ 0.0000   │ 0         │ 0        │ 0         │ 0        │
│ max_tt_025C_1v80     │ 0.8226   │ 0.8226   │ 0.0000   │ 0        │ 0         │ 16.0226  │ 21.1058   │ 0.0000   │ 0         │ 0        │ 0         │ 0        │
│ max_ss_100C_1v60     │ 1.8437   │ 1.8437   │ 0.0000   │ 0        │ 0         │ 12.7708  │ 17.1273   │ 0.0000   │ 0         │ 0        │ 0         │ 3        │
│ max_ff_n40C_1v95     │ 0.4469   │ 0.4469   │ 0.0000   │ 0        │ 0         │ 17.2858  │ 22.3464   │ 0.0000   │ 0         │ 0        │ 0         │ 0        │
└──────────────────────┴──────────┴──────────┴──────────┴──────────┴───────────┴──────────┴───────────┴──────────┴───────────┴──────────┴───────────┴──────────┘
