Clock: wb_clk_i
Sources: wb_clk_i 
Generated: no
Virtual: yes
Propagated: no
Period: 25.000000

===========================================================================
report_clock_properties
============================================================================
Clock                   Period          Waveform
----------------------------------------------------
wb_clk_i             25.000000    0.000000 12.500000

===========================================================================
report_clock_latency
============================================================================
Clock wb_clk_i
rise -> rise
    min     max
0.000000 0.000000 source latency
1.134097         network latency _756_/CLK
        1.143012 network latency _681_/CLK
---------------
1.134097 1.143012 latency
        0.008916 skew

fall -> fall
    min     max
0.000000 0.000000 source latency
0.882414         network latency _756_/CLK
        0.890426 network latency _681_/CLK
---------------
0.882414 0.890426 latency
        0.008012 skew



===========================================================================
report_clock_min_period
============================================================================
wb_clk_i period_min = 3.89 fmax = 256.79
