
===========================================================================
 report_power
============================================================================
======================= nom_tt_025C_1v80 Corner ===================================

Group                    Internal    Switching      Leakage        Total
                            Power        Power        Power        Power (Watts)
------------------------------------------------------------------------
Sequential           7.663639e-12 1.244926e-11 3.805908e-09 3.826021e-09  14.8%
Combinational        4.233814e-12 1.025404e-11 5.216825e-09 5.231313e-09  20.2%
Clock                9.903857e-17 0.000000e+00 1.677689e-08 1.677689e-08  64.9%
Macro                0.000000e+00 0.000000e+00 0.000000e+00 0.000000e+00   0.0%
Pad                  0.000000e+00 0.000000e+00 0.000000e+00 0.000000e+00   0.0%
------------------------------------------------------------------------
Total                1.189750e-11 2.270332e-11 2.579961e-08 2.583422e-08 100.0%
                             0.0%         0.1%        99.9%
Writing metric power__internal__total: 1.1897501213387063e-11
Writing metric power__switching__total: 2.270332012666021e-11
Writing metric power__leakage__total: 2.5799614888910583e-8
Writing metric power__total: 2.583421654378526e-8

